2025-05-19 06:28:40.887: [INFO] VisibilityChanged: 0
2025-05-19 06:28:40.962: [INFO] RecordSyncInitDuration has_sync_been_enabled: 0 state: 0
2025-05-19 06:28:40.964: [INFO] RecordSyncInitDuration has_sync_been_enabled: 0 state: 0
2025-05-19 06:28:40.968: [INFO] RecordSyncInitDuration has_sync_been_enabled: 0 state: 0
2025-05-19 06:28:40.970: [INFO] RecordSyncInitDuration has_sync_been_enabled: 0 state: 0
2025-05-19 06:28:40.972: [INFO] RecordSyncInitDuration has_sync_been_enabled: 0 state: 0
2025-05-19 06:28:40.974: [INFO] RecordSyncInitDuration has_sync_been_enabled: 0 state: 0
2025-05-19 06:28:40.976: [INFO] RecordSyncInitDuration has_sync_been_enabled: 0 state: 0
2025-05-19 06:28:40.978: [INFO] RecordSyncInitDuration has_sync_been_enabled: 0 state: 0
2025-05-19 06:28:40.981: [INFO] RecordSyncInitDuration has_sync_been_enabled: 0 state: 0
2025-05-19 06:28:40.984: [INFO] RecordSyncInitDuration has_sync_been_enabled: 0 state: 0
2025-05-19 06:28:40.989: [INFO] RecordSyncInitDuration has_sync_been_enabled: 0 state: 0
2025-05-19 06:28:41.010: [INFO] BookmarkModelLoaded, ids_reassigned: 0
2025-05-19 06:28:41.010: [INFO] OnDoneLoading sync enabled: 0
2025-05-19 06:28:41.116: [INFO] RecordSyncInitDuration has_sync_been_enabled: 0 state: 0
2025-05-19 06:28:41.330: [INFO] RecordSyncInitDuration has_sync_been_enabled: 0 state: 3
2025-05-19 06:28:41.335: [INFO] Primary account changed.
2025-05-19 06:28:41.335: [INFO] OnPrimaryAccountChanged PrimaryAccountChangeEvent::Type::kSet
2025-05-19 06:28:41.340: [INFO] RecordSyncInitDuration has_sync_been_enabled: 0 state: 3
2025-05-19 06:28:41.841: [INFO] RecordSyncInitDuration has_sync_been_enabled: 0 state: 3
2025-05-19 06:28:45.246: [INFO] VisibilityChanged: 1
2025-05-19 06:28:45.690: [INFO] BookmarkNodeAdded, ABU: 0
2025-05-19 06:28:45.691: [INFO] BookmarkNodeAdded, ABU: 0
2025-05-19 06:28:45.691: [INFO] BookmarkNodeAdded, ABU: 0
2025-05-19 06:28:55.368: [INFO] Sync initialization duration: 13182ms
2025-05-19 08:57:04.784: [INFO] VisibilityChanged: 0
