{"logTime": "0519/062856", "correlationVector":"5woxkUNwWegqtLZZYejUlb.2","action":"ProcessGetUpdates", "result":"Done", "context":{"dataType":"History", "deleted":"0", "process_failed_to_decrypt":"0", "process_pending_decryption":"0", "process_success":"250", "total":"250"}}
{"logTime": "0519/062856", "correlationVector":"5woxkUNwWegqtLZZYejUlb.3","action":"GetUpdates Response", "result":"Success", "context":Received 250 update(s). cV=5woxkUNwWegqtLZZYejUlb.0;server=akswtt00700003j;cloudType=Consumer;environment=Prod_southeastasia_prod-s01-064-apac-southeastasia;migrationStage=NotStarted Some updates remain.}
{"logTime": "0519/062856", "correlationVector":"Vz6iFv+0g2I0x+qBrbWxu8","action":"Initial GetUpdates", "result":"", "context":Reason: NEWLY_SUPPORTED_DATATYPE. cV=Vz6iFv+0g2I0x+qBrbWxu8}
{"logTime": "0519/062857", "correlationVector":"Vz6iFv+0g2I0x+qBrbWxu8.1","action":"SyncServerConnectionManagerRequest", "result":"SYNC_SERVER_OK", "context":{"environment":"Prod_southeastasia_prod-s01-064-apac-southeastasia", "migrationStage":"NotStarted", "server":"akswtt00700002d"}}
{"logTime": "0519/062857", "correlationVector":"Vz6iFv+0g2I0x+qBrbWxu8.2","action":"ProcessGetUpdates", "result":"Done", "context":{"dataType":"History", "deleted":"0", "process_failed_to_decrypt":"0", "process_pending_decryption":"0", "process_success":"250", "total":"250"}}
{"logTime": "0519/062857", "correlationVector":"Vz6iFv+0g2I0x+qBrbWxu8.3","action":"GetUpdates Response", "result":"Success", "context":Received 250 update(s). cV=Vz6iFv+0g2I0x+qBrbWxu8.0;server=akswtt00700002d;cloudType=Consumer;environment=Prod_southeastasia_prod-s01-064-apac-southeastasia;migrationStage=NotStarted Some updates remain.}
{"logTime": "0519/062857", "correlationVector":"bhki9X0HEDjInL2wEB2yB1","action":"Initial GetUpdates", "result":"", "context":Reason: NEWLY_SUPPORTED_DATATYPE. cV=bhki9X0HEDjInL2wEB2yB1}
{"logTime": "0519/062858", "correlationVector":"bhki9X0HEDjInL2wEB2yB1.1","action":"SyncServerConnectionManagerRequest", "result":"SYNC_SERVER_OK", "context":{"environment":"Prod_southeastasia_prod-s01-064-apac-southeastasia", "migrationStage":"NotStarted", "server":"akswtt00700001y"}}
{"logTime": "0519/062858", "correlationVector":"bhki9X0HEDjInL2wEB2yB1.2","action":"ProcessGetUpdates", "result":"Done", "context":{"dataType":"History", "deleted":"0", "process_failed_to_decrypt":"0", "process_pending_decryption":"0", "process_success":"250", "total":"250"}}
{"logTime": "0519/062858", "correlationVector":"bhki9X0HEDjInL2wEB2yB1.3","action":"GetUpdates Response", "result":"Success", "context":Received 250 update(s). cV=bhki9X0HEDjInL2wEB2yB1.0;server=akswtt00700001y;cloudType=Consumer;environment=Prod_southeastasia_prod-s01-064-apac-southeastasia;migrationStage=NotStarted Some updates remain.}
{"logTime": "0519/062858", "correlationVector":"GtV7ujybd/17xIjx2pUhky","action":"Initial GetUpdates", "result":"", "context":Reason: NEWLY_SUPPORTED_DATATYPE. cV=GtV7ujybd/17xIjx2pUhky}
{"logTime": "0519/062859", "correlationVector":"GtV7ujybd/17xIjx2pUhky.1","action":"SyncServerConnectionManagerRequest", "result":"SYNC_SERVER_OK", "context":{"environment":"Prod_southeastasia_prod-s01-064-apac-southeastasia", "migrationStage":"NotStarted", "server":"akswtt00700002d"}}
{"logTime": "0519/062859", "correlationVector":"GtV7ujybd/17xIjx2pUhky.2","action":"ProcessGetUpdates", "result":"Done", "context":{"dataType":"History", "deleted":"0", "process_failed_to_decrypt":"0", "process_pending_decryption":"0", "process_success":"250", "total":"250"}}
{"logTime": "0519/062859", "correlationVector":"GtV7ujybd/17xIjx2pUhky.3","action":"GetUpdates Response", "result":"Success", "context":Received 250 update(s). cV=GtV7ujybd/17xIjx2pUhky.0;server=akswtt00700002d;cloudType=Consumer;environment=Prod_southeastasia_prod-s01-064-apac-southeastasia;migrationStage=NotStarted Some updates remain.}
{"logTime": "0519/062859", "correlationVector":"M7PgfJqB9xOL52VQlsO4/c","action":"Initial GetUpdates", "result":"", "context":Reason: NEWLY_SUPPORTED_DATATYPE. cV=M7PgfJqB9xOL52VQlsO4/c}
{"logTime": "0519/062900", "correlationVector":"M7PgfJqB9xOL52VQlsO4/c.1","action":"SyncServerConnectionManagerRequest", "result":"SYNC_SERVER_OK", "context":{"environment":"Prod_southeastasia_prod-s01-064-apac-southeastasia", "migrationStage":"NotStarted", "server":"akswtt00700004f"}}
{"logTime": "0519/062900", "correlationVector":"M7PgfJqB9xOL52VQlsO4/c.2","action":"ProcessGetUpdates", "result":"Done", "context":{"dataType":"History", "deleted":"0", "process_failed_to_decrypt":"0", "process_pending_decryption":"0", "process_success":"250", "total":"250"}}
{"logTime": "0519/062900", "correlationVector":"M7PgfJqB9xOL52VQlsO4/c.3","action":"GetUpdates Response", "result":"Success", "context":Received 250 update(s). cV=M7PgfJqB9xOL52VQlsO4/c.0;server=akswtt00700004f;cloudType=Consumer;environment=Prod_southeastasia_prod-s01-064-apac-southeastasia;migrationStage=NotStarted Some updates remain.}
{"logTime": "0519/062900", "correlationVector":"HufsXtmFtV5s2HGY4wHs8x","action":"Initial GetUpdates", "result":"", "context":Reason: NEWLY_SUPPORTED_DATATYPE. cV=HufsXtmFtV5s2HGY4wHs8x}
{"logTime": "0519/062901", "correlationVector":"HufsXtmFtV5s2HGY4wHs8x.1","action":"SyncServerConnectionManagerRequest", "result":"SYNC_SERVER_OK", "context":{"environment":"Prod_southeastasia_prod-s01-064-apac-southeastasia", "migrationStage":"NotStarted", "server":"akswtt007000020"}}
{"logTime": "0519/062901", "correlationVector":"HufsXtmFtV5s2HGY4wHs8x.2","action":"ProcessGetUpdates", "result":"Done", "context":{"dataType":"History", "deleted":"0", "process_failed_to_decrypt":"0", "process_pending_decryption":"0", "process_success":"250", "total":"250"}}
{"logTime": "0519/062901", "correlationVector":"HufsXtmFtV5s2HGY4wHs8x.3","action":"GetUpdates Response", "result":"Success", "context":Received 250 update(s). cV=HufsXtmFtV5s2HGY4wHs8x.0;server=akswtt007000020;cloudType=Consumer;environment=Prod_southeastasia_prod-s01-064-apac-southeastasia;migrationStage=NotStarted Some updates remain.}
{"logTime": "0519/062901", "correlationVector":"StZzy9Db4q+aHDDfNwpcUz","action":"Initial GetUpdates", "result":"", "context":Reason: NEWLY_SUPPORTED_DATATYPE. cV=StZzy9Db4q+aHDDfNwpcUz}
{"logTime": "0519/062902", "correlationVector":"StZzy9Db4q+aHDDfNwpcUz.1","action":"SyncServerConnectionManagerRequest", "result":"SYNC_SERVER_OK", "context":{"environment":"Prod_southeastasia_prod-s01-064-apac-southeastasia", "migrationStage":"NotStarted", "server":"akswtt00700003z"}}
{"logTime": "0519/062902", "correlationVector":"StZzy9Db4q+aHDDfNwpcUz.2","action":"ProcessGetUpdates", "result":"Done", "context":{"dataType":"History", "deleted":"0", "process_failed_to_decrypt":"0", "process_pending_decryption":"0", "process_success":"250", "total":"250"}}
{"logTime": "0519/062902", "correlationVector":"StZzy9Db4q+aHDDfNwpcUz.3","action":"GetUpdates Response", "result":"Success", "context":Received 250 update(s). cV=StZzy9Db4q+aHDDfNwpcUz.0;server=akswtt00700003z;cloudType=Consumer;environment=Prod_southeastasia_prod-s01-064-apac-southeastasia;migrationStage=NotStarted Some updates remain.}
{"logTime": "0519/062902", "correlationVector":"U9jlZLIb4SCXumFX/QpAXq","action":"Initial GetUpdates", "result":"", "context":Reason: NEWLY_SUPPORTED_DATATYPE. cV=U9jlZLIb4SCXumFX/QpAXq}
{"logTime": "0519/062903", "correlationVector":"U9jlZLIb4SCXumFX/QpAXq.1","action":"SyncServerConnectionManagerRequest", "result":"SYNC_SERVER_OK", "context":{"environment":"Prod_southeastasia_prod-s01-064-apac-southeastasia", "migrationStage":"NotStarted", "server":"akswtt00700001v"}}
{"logTime": "0519/062903", "correlationVector":"U9jlZLIb4SCXumFX/QpAXq.2","action":"ProcessGetUpdates", "result":"Done", "context":{"dataType":"History", "deleted":"0", "process_failed_to_decrypt":"0", "process_pending_decryption":"0", "process_success":"250", "total":"250"}}
{"logTime": "0519/062903", "correlationVector":"U9jlZLIb4SCXumFX/QpAXq.3","action":"GetUpdates Response", "result":"Success", "context":Received 250 update(s). cV=U9jlZLIb4SCXumFX/QpAXq.0;server=akswtt00700001v;cloudType=Consumer;environment=Prod_southeastasia_prod-s01-064-apac-southeastasia;migrationStage=NotStarted Some updates remain.}
{"logTime": "0519/062903", "correlationVector":"ZEGwJs+Rf4xz9U7/tJKHTc","action":"Initial GetUpdates", "result":"", "context":Reason: NEWLY_SUPPORTED_DATATYPE. cV=ZEGwJs+Rf4xz9U7/tJKHTc}
{"logTime": "0519/062904", "correlationVector":"ZEGwJs+Rf4xz9U7/tJKHTc.1","action":"SyncServerConnectionManagerRequest", "result":"SYNC_SERVER_OK", "context":{"environment":"Prod_southeastasia_prod-s01-064-apac-southeastasia", "migrationStage":"NotStarted", "server":"akswtt00700001v"}}
{"logTime": "0519/062904", "correlationVector":"ZEGwJs+Rf4xz9U7/tJKHTc.2","action":"ProcessGetUpdates", "result":"Done", "context":{"dataType":"History", "deleted":"0", "process_failed_to_decrypt":"0", "process_pending_decryption":"0", "process_success":"250", "total":"250"}}
{"logTime": "0519/062904", "correlationVector":"ZEGwJs+Rf4xz9U7/tJKHTc.3","action":"GetUpdates Response", "result":"Success", "context":Received 250 update(s). cV=ZEGwJs+Rf4xz9U7/tJKHTc.0;server=akswtt00700001v;cloudType=Consumer;environment=Prod_southeastasia_prod-s01-064-apac-southeastasia;migrationStage=NotStarted Some updates remain.}
{"logTime": "0519/062904", "correlationVector":"rwSFqG730U01DmoRa9xxhB","action":"Initial GetUpdates", "result":"", "context":Reason: NEWLY_SUPPORTED_DATATYPE. cV=rwSFqG730U01DmoRa9xxhB}
{"logTime": "0519/062905", "correlationVector":"rwSFqG730U01DmoRa9xxhB.1","action":"SyncServerConnectionManagerRequest", "result":"SYNC_SERVER_OK", "context":{"environment":"Prod_southeastasia_prod-s01-064-apac-southeastasia", "migrationStage":"NotStarted", "server":"akswtt00700002t"}}
{"logTime": "0519/062905", "correlationVector":"rwSFqG730U01DmoRa9xxhB.2","action":"ProcessGetUpdates", "result":"Done", "context":{"dataType":"History", "deleted":"0", "process_failed_to_decrypt":"0", "process_pending_decryption":"0", "process_success":"250", "total":"250"}}
{"logTime": "0519/062905", "correlationVector":"rwSFqG730U01DmoRa9xxhB.3","action":"GetUpdates Response", "result":"Success", "context":Received 250 update(s). cV=rwSFqG730U01DmoRa9xxhB.0;server=akswtt00700002t;cloudType=Consumer;environment=Prod_southeastasia_prod-s01-064-apac-southeastasia;migrationStage=NotStarted Some updates remain.}
{"logTime": "0519/062905", "correlationVector":"7cGoU3QcnwRRTsBQvKookV","action":"Initial GetUpdates", "result":"", "context":Reason: NEWLY_SUPPORTED_DATATYPE. cV=7cGoU3QcnwRRTsBQvKookV}
{"logTime": "0519/062905", "correlationVector":"7cGoU3QcnwRRTsBQvKookV.1","action":"SyncServerConnectionManagerRequest", "result":"SYNC_SERVER_OK", "context":{"environment":"Prod_southeastasia_prod-s01-064-apac-southeastasia", "migrationStage":"NotStarted", "server":"akswtt00700003j"}}
{"logTime": "0519/062905", "correlationVector":"7cGoU3QcnwRRTsBQvKookV.2","action":"ProcessGetUpdates", "result":"Done", "context":{"dataType":"History", "deleted":"0", "process_failed_to_decrypt":"0", "process_pending_decryption":"0", "process_success":"250", "total":"250"}}
{"logTime": "0519/062905", "correlationVector":"7cGoU3QcnwRRTsBQvKookV.3","action":"GetUpdates Response", "result":"Success", "context":Received 250 update(s). cV=7cGoU3QcnwRRTsBQvKookV.0;server=akswtt00700003j;cloudType=Consumer;environment=Prod_southeastasia_prod-s01-064-apac-southeastasia;migrationStage=NotStarted Some updates remain.}
{"logTime": "0519/062905", "correlationVector":"10rjc6CbAwvx9rcGHCBr05","action":"Initial GetUpdates", "result":"", "context":Reason: NEWLY_SUPPORTED_DATATYPE. cV=10rjc6CbAwvx9rcGHCBr05}
{"logTime": "0519/062906", "correlationVector":"10rjc6CbAwvx9rcGHCBr05.1","action":"SyncServerConnectionManagerRequest", "result":"SYNC_SERVER_OK", "context":{"environment":"Prod_southeastasia_prod-s01-064-apac-southeastasia", "migrationStage":"NotStarted", "server":"akswtt00700001y"}}
{"logTime": "0519/062906", "correlationVector":"10rjc6CbAwvx9rcGHCBr05.2","action":"ProcessGetUpdates", "result":"Done", "context":{"dataType":"History", "deleted":"0", "process_failed_to_decrypt":"0", "process_pending_decryption":"0", "process_success":"250", "total":"250"}}
{"logTime": "0519/062906", "correlationVector":"10rjc6CbAwvx9rcGHCBr05.3","action":"GetUpdates Response", "result":"Success", "context":Received 250 update(s). cV=10rjc6CbAwvx9rcGHCBr05.0;server=akswtt00700001y;cloudType=Consumer;environment=Prod_southeastasia_prod-s01-064-apac-southeastasia;migrationStage=NotStarted Some updates remain.}
{"logTime": "0519/062906", "correlationVector":"Kjl5UMkpSzGa5CwmxREsM+","action":"Initial GetUpdates", "result":"", "context":Reason: NEWLY_SUPPORTED_DATATYPE. cV=Kjl5UMkpSzGa5CwmxREsM+}
{"logTime": "0519/062907", "correlationVector":"Kjl5UMkpSzGa5CwmxREsM+.1","action":"SyncServerConnectionManagerRequest", "result":"SYNC_SERVER_OK", "context":{"environment":"Prod_southeastasia_prod-s01-064-apac-southeastasia", "migrationStage":"NotStarted", "server":"akswtt00700004f"}}
{"logTime": "0519/062907", "correlationVector":"Kjl5UMkpSzGa5CwmxREsM+.2","action":"ProcessGetUpdates", "result":"Done", "context":{"dataType":"History", "deleted":"0", "process_failed_to_decrypt":"0", "process_pending_decryption":"0", "process_success":"250", "total":"250"}}
{"logTime": "0519/062907", "correlationVector":"Kjl5UMkpSzGa5CwmxREsM+.3","action":"GetUpdates Response", "result":"Success", "context":Received 250 update(s). cV=Kjl5UMkpSzGa5CwmxREsM+.0;server=akswtt00700004f;cloudType=Consumer;environment=Prod_southeastasia_prod-s01-064-apac-southeastasia;migrationStage=NotStarted Some updates remain.}
{"logTime": "0519/062907", "correlationVector":"NvZpxZphfprbuiyIe6RSOi","action":"Initial GetUpdates", "result":"", "context":Reason: NEWLY_SUPPORTED_DATATYPE. cV=NvZpxZphfprbuiyIe6RSOi}
{"logTime": "0519/062908", "correlationVector":"NvZpxZphfprbuiyIe6RSOi.1","action":"SyncServerConnectionManagerRequest", "result":"SYNC_SERVER_OK", "context":{"environment":"Prod_southeastasia_prod-s01-064-apac-southeastasia", "migrationStage":"NotStarted", "server":"akswtt00700001v"}}
{"logTime": "0519/062908", "correlationVector":"NvZpxZphfprbuiyIe6RSOi.2","action":"ProcessGetUpdates", "result":"Done", "context":{"dataType":"History", "deleted":"0", "process_failed_to_decrypt":"0", "process_pending_decryption":"0", "process_success":"250", "total":"250"}}
{"logTime": "0519/062908", "correlationVector":"NvZpxZphfprbuiyIe6RSOi.3","action":"GetUpdates Response", "result":"Success", "context":Received 250 update(s). cV=NvZpxZphfprbuiyIe6RSOi.0;server=akswtt00700001v;cloudType=Consumer;environment=Prod_southeastasia_prod-s01-064-apac-southeastasia;migrationStage=NotStarted Some updates remain.}
{"logTime": "0519/062908", "correlationVector":"b9h1AGNd5OSVnttArK5dpS","action":"Initial GetUpdates", "result":"", "context":Reason: NEWLY_SUPPORTED_DATATYPE. cV=b9h1AGNd5OSVnttArK5dpS}
{"logTime": "0519/062909", "correlationVector":"b9h1AGNd5OSVnttArK5dpS.1","action":"SyncServerConnectionManagerRequest", "result":"SYNC_SERVER_OK", "context":{"environment":"Prod_southeastasia_prod-s01-064-apac-southeastasia", "migrationStage":"NotStarted", "server":"akswtt00700002b"}}
{"logTime": "0519/062909", "correlationVector":"b9h1AGNd5OSVnttArK5dpS.2","action":"ProcessGetUpdates", "result":"Done", "context":{"dataType":"History", "deleted":"0", "process_failed_to_decrypt":"0", "process_pending_decryption":"0", "process_success":"250", "total":"250"}}
{"logTime": "0519/062909", "correlationVector":"b9h1AGNd5OSVnttArK5dpS.3","action":"GetUpdates Response", "result":"Success", "context":Received 250 update(s). cV=b9h1AGNd5OSVnttArK5dpS.0;server=akswtt00700002b;cloudType=Consumer;environment=Prod_southeastasia_prod-s01-064-apac-southeastasia;migrationStage=NotStarted Some updates remain.}
{"logTime": "0519/062909", "correlationVector":"z+xccKAgrB3FmpmDjX9WHv","action":"Initial GetUpdates", "result":"", "context":Reason: NEWLY_SUPPORTED_DATATYPE. cV=z+xccKAgrB3FmpmDjX9WHv}
{"logTime": "0519/062910", "correlationVector":"z+xccKAgrB3FmpmDjX9WHv.1","action":"SyncServerConnectionManagerRequest", "result":"SYNC_SERVER_OK", "context":{"environment":"Prod_southeastasia_prod-s01-064-apac-southeastasia", "migrationStage":"NotStarted", "server":"akswtt00700003t"}}
{"logTime": "0519/062910", "correlationVector":"z+xccKAgrB3FmpmDjX9WHv.2","action":"ProcessGetUpdates", "result":"Done", "context":{"dataType":"History", "deleted":"0", "process_failed_to_decrypt":"0", "process_pending_decryption":"0", "process_success":"250", "total":"250"}}
{"logTime": "0519/062910", "correlationVector":"z+xccKAgrB3FmpmDjX9WHv.3","action":"GetUpdates Response", "result":"Success", "context":Received 250 update(s). cV=z+xccKAgrB3FmpmDjX9WHv.0;server=akswtt00700003t;cloudType=Consumer;environment=Prod_southeastasia_prod-s01-064-apac-southeastasia;migrationStage=NotStarted Some updates remain.}
{"logTime": "0519/062910", "correlationVector":"LIYR31ojCUNVw4AWTX+Vaj","action":"Initial GetUpdates", "result":"", "context":Reason: NEWLY_SUPPORTED_DATATYPE. cV=LIYR31ojCUNVw4AWTX+Vaj}
{"logTime": "0519/062911", "correlationVector":"LIYR31ojCUNVw4AWTX+Vaj.1","action":"SyncServerConnectionManagerRequest", "result":"SYNC_SERVER_OK", "context":{"environment":"Prod_southeastasia_prod-s01-064-apac-southeastasia", "migrationStage":"NotStarted", "server":"akswtt00700001v"}}
{"logTime": "0519/062911", "correlationVector":"LIYR31ojCUNVw4AWTX+Vaj.2","action":"ProcessGetUpdates", "result":"Done", "context":{"dataType":"History", "deleted":"0", "process_failed_to_decrypt":"0", "process_pending_decryption":"0", "process_success":"250", "total":"250"}}
{"logTime": "0519/062911", "correlationVector":"LIYR31ojCUNVw4AWTX+Vaj.3","action":"GetUpdates Response", "result":"Success", "context":Received 250 update(s). cV=LIYR31ojCUNVw4AWTX+Vaj.0;server=akswtt00700001v;cloudType=Consumer;environment=Prod_southeastasia_prod-s01-064-apac-southeastasia;migrationStage=NotStarted Some updates remain.}
{"logTime": "0519/062911", "correlationVector":"FQl1B3SCvetw0pgNaFv8L3","action":"Initial GetUpdates", "result":"", "context":Reason: NEWLY_SUPPORTED_DATATYPE. cV=FQl1B3SCvetw0pgNaFv8L3}
{"logTime": "0519/062912", "correlationVector":"FQl1B3SCvetw0pgNaFv8L3.1","action":"SyncServerConnectionManagerRequest", "result":"SYNC_SERVER_OK", "context":{"environment":"Prod_southeastasia_prod-s01-064-apac-southeastasia", "migrationStage":"NotStarted", "server":"akswtt00700003t"}}
{"logTime": "0519/062912", "correlationVector":"FQl1B3SCvetw0pgNaFv8L3.2","action":"ProcessGetUpdates", "result":"Done", "context":{"dataType":"History", "deleted":"0", "process_failed_to_decrypt":"0", "process_pending_decryption":"0", "process_success":"250", "total":"250"}}
{"logTime": "0519/062912", "correlationVector":"FQl1B3SCvetw0pgNaFv8L3.3","action":"GetUpdates Response", "result":"Success", "context":Received 250 update(s). cV=FQl1B3SCvetw0pgNaFv8L3.0;server=akswtt00700003t;cloudType=Consumer;environment=Prod_southeastasia_prod-s01-064-apac-southeastasia;migrationStage=NotStarted Some updates remain.}
{"logTime": "0519/062912", "correlationVector":"pDFupLvX877dUFCU/QGMBN","action":"Initial GetUpdates", "result":"", "context":Reason: NEWLY_SUPPORTED_DATATYPE. cV=pDFupLvX877dUFCU/QGMBN}
{"logTime": "0519/062913", "correlationVector":"pDFupLvX877dUFCU/QGMBN.1","action":"SyncServerConnectionManagerRequest", "result":"SYNC_SERVER_OK", "context":{"environment":"Prod_southeastasia_prod-s01-064-apac-southeastasia", "migrationStage":"NotStarted", "server":"akswtt00700000h"}}
{"logTime": "0519/062913", "correlationVector":"pDFupLvX877dUFCU/QGMBN.2","action":"ProcessGetUpdates", "result":"Done", "context":{"dataType":"History", "deleted":"0", "process_failed_to_decrypt":"0", "process_pending_decryption":"0", "process_success":"250", "total":"250"}}
{"logTime": "0519/062913", "correlationVector":"pDFupLvX877dUFCU/QGMBN.3","action":"GetUpdates Response", "result":"Success", "context":Received 250 update(s). cV=pDFupLvX877dUFCU/QGMBN.0;server=akswtt00700000h;cloudType=Consumer;environment=Prod_southeastasia_prod-s01-064-apac-southeastasia;migrationStage=NotStarted Some updates remain.}
{"logTime": "0519/062913", "correlationVector":"8tWxEvYSvVE7PYIYAXqPbv","action":"Initial GetUpdates", "result":"", "context":Reason: NEWLY_SUPPORTED_DATATYPE. cV=8tWxEvYSvVE7PYIYAXqPbv}
{"logTime": "0519/062914", "correlationVector":"8tWxEvYSvVE7PYIYAXqPbv.1","action":"SyncServerConnectionManagerRequest", "result":"SYNC_SERVER_OK", "context":{"environment":"Prod_southeastasia_prod-s01-064-apac-southeastasia", "migrationStage":"NotStarted", "server":"akswtt00700001w"}}
{"logTime": "0519/062914", "correlationVector":"8tWxEvYSvVE7PYIYAXqPbv.2","action":"ProcessGetUpdates", "result":"Done", "context":{"dataType":"History", "deleted":"0", "process_failed_to_decrypt":"0", "process_pending_decryption":"0", "process_success":"225", "total":"225"}}
{"logTime": "0519/062914", "correlationVector":"8tWxEvYSvVE7PYIYAXqPbv.3","action":"GetUpdates Response", "result":"Success", "context":Received 225 update(s). cV=8tWxEvYSvVE7PYIYAXqPbv.0;server=akswtt00700001w;cloudType=Consumer;environment=Prod_southeastasia_prod-s01-064-apac-southeastasia;migrationStage=NotStarted}
{"logTime": "0519/062914", "correlationVector":"MMcuUQuwt3sz4y2X5TCYK2","action":"Normal GetUpdate request", "result":"", "context":cV=MMcuUQuwt3sz4y2X5TCYK2
Nudged types: Sessions, Device Info, User Consents, History
Refresh requested types: Bookmarks, Preferences, Passwords, Autofill Profiles, Autofill, Extensions, Sessions, Extension settings, History Delete Directives, Device Info, User Consents, Send Tab To Self, Web Apps, History, Saved Tab Group, Collection, Edge E Drop, Edge Hub App Usage, Edge Tab Group, Edge Wallet, Encryption Keys}
{"logTime": "0519/062915", "correlationVector":"MMcuUQuwt3sz4y2X5TCYK2.1","action":"SyncServerConnectionManagerRequest", "result":"SYNC_SERVER_OK", "context":{"environment":"Prod_southeastasia_prod-s01-064-apac-southeastasia", "migrationStage":"NotStarted", "server":"akswtt00700003z"}}
{"logTime": "0519/062915", "correlationVector":"MMcuUQuwt3sz4y2X5TCYK2.2","action":"GetUpdates Response", "result":"Success", "context":Received 0 update(s). cV=MMcuUQuwt3sz4y2X5TCYK2.0;server=akswtt00700003z;cloudType=Consumer;environment=Prod_southeastasia_prod-s01-064-apac-southeastasia;migrationStage=NotStarted}
{"logTime": "0519/062915", "correlationVector":"n0JrgSrp0AwzJSMphhILlO","action":"Commit Request", "result":"", "context":Item count: 11
Contributing types: Sessions, Device Info, User Consents, History}
{"logTime": "0519/062916", "correlationVector":"n0JrgSrp0AwzJSMphhILlO.1","action":"SyncServerConnectionManagerRequest", "result":"SYNC_SERVER_OK", "context":{"environment":"Prod_southeastasia_prod-s01-064-apac-southeastasia", "migrationStage":"NotStarted", "server":"akswtt00700004f"}}
{"logTime": "0519/062916", "correlationVector":"n0JrgSrp0AwzJSMphhILlO.2","action":"Commit Response", "result":"Success", "context":Result: Success. cV=n0JrgSrp0AwzJSMphhILlO.0;server=akswtt00700004f;cloudType=Consumer;environment=Prod_southeastasia_prod-s01-064-apac-southeastasia;migrationStage=NotStarted}
{"logTime": "0519/063040", "correlationVector":"fqyvVXqcqmvZSGHzInZFqH","action":"Commit Request", "result":"", "context":Item count: 1
Contributing types: Sessions}
{"logTime": "0519/063040", "correlationVector":"fqyvVXqcqmvZSGHzInZFqH.1","action":"SyncServerConnectionManagerRequest", "result":"SYNC_SERVER_OK", "context":{"environment":"Prod_southeastasia_prod-s01-064-apac-southeastasia", "migrationStage":"NotStarted", "server":"akswtt00700001v"}}
{"logTime": "0519/063040", "correlationVector":"fqyvVXqcqmvZSGHzInZFqH.2","action":"Commit Response", "result":"Success", "context":Result: Success. cV=fqyvVXqcqmvZSGHzInZFqH.0;server=akswtt00700001v;cloudType=Consumer;environment=Prod_southeastasia_prod-s01-064-apac-southeastasia;migrationStage=NotStarted}
{"logTime": "0519/063312", "correlationVector":"1HIUHxwvyKp4sd2aYnojxo","action":"Commit Request", "result":"", "context":Item count: 3
Contributing types: Sessions, History}
{"logTime": "0519/063313", "correlationVector":"1HIUHxwvyKp4sd2aYnojxo.1","action":"SyncServerConnectionManagerRequest", "result":"SYNC_SERVER_OK", "context":{"environment":"Prod_southeastasia_prod-s01-064-apac-southeastasia", "migrationStage":"NotStarted", "server":"akswtt00700003x"}}
{"logTime": "0519/063313", "correlationVector":"1HIUHxwvyKp4sd2aYnojxo.2","action":"Commit Response", "result":"Success", "context":Result: Success. cV=1HIUHxwvyKp4sd2aYnojxo.0;server=akswtt00700003x;cloudType=Consumer;environment=Prod_southeastasia_prod-s01-064-apac-southeastasia;migrationStage=NotStarted}
{"logTime": "0519/063345", "correlationVector":"TjmhqLrTD/lOPiz/8EZMFN","action":"Normal GetUpdate request", "result":"", "context":cV=TjmhqLrTD/lOPiz/8EZMFN
Notified types: Device Info}
{"logTime": "0519/063346", "correlationVector":"TjmhqLrTD/lOPiz/8EZMFN.1","action":"SyncServerConnectionManagerRequest", "result":"SYNC_SERVER_OK", "context":{"environment":"Prod_southeastasia_prod-s01-064-apac-southeastasia", "migrationStage":"NotStarted", "server":"akswtt00700004d"}}
{"logTime": "0519/063346", "correlationVector":"TjmhqLrTD/lOPiz/8EZMFN.2","action":"ProcessGetUpdates", "result":"Done", "context":{"dataType":"Sessions", "deleted":"0", "process_failed_to_decrypt":"0", "process_pending_decryption":"0", "process_success":"8", "total":"8"}}
{"logTime": "0519/063346", "correlationVector":"TjmhqLrTD/lOPiz/8EZMFN.3","action":"ProcessGetUpdates", "result":"Done", "context":{"dataType":"Device Info", "deleted":"0", "process_failed_to_decrypt":"0", "process_pending_decryption":"0", "process_success":"2", "total":"2"}}
{"logTime": "0519/063346", "correlationVector":"TjmhqLrTD/lOPiz/8EZMFN.4","action":"ProcessGetUpdates", "result":"Done", "context":{"dataType":"History", "deleted":"0", "process_failed_to_decrypt":"0", "process_pending_decryption":"0", "process_success":"7", "total":"7"}}
{"logTime": "0519/063346", "correlationVector":"TjmhqLrTD/lOPiz/8EZMFN.5","action":"GetUpdates Response", "result":"Success", "context":Received 17 update(s). cV=TjmhqLrTD/lOPiz/8EZMFN.0;server=akswtt00700004d;cloudType=Consumer;environment=Prod_southeastasia_prod-s01-064-apac-southeastasia;migrationStage=NotStarted}
{"logTime": "0519/063346", "correlationVector":"lx1dzGu3B562XrJYnEt0UO","action":"DoCompareDataConsistency requsted types: ", "result":"Bookmarks, Preferences, Passwords, Extensions, Extension settings, History Delete Directives, Send Tab To Self, Web Apps, History, Saved Tab Group, Collection, Edge E Drop, Edge Tab Group, Edge Wallet, Encryption Keys"}
{"logTime": "0519/063346", "correlationVector":"lx1dzGu3B562XrJYnEt0UO.0","action":"CompareDataConsistency result: ", "result":"Compare result: Encryption Keys is consistent. local entities count is: 1 local entities hash is: nByDDTilOf/xgW+cd+nspZ840pY="}
{"logTime": "0519/063346", "correlationVector":"lx1dzGu3B562XrJYnEt0UO.1","action":"CompareDataConsistency result: ", "result":"Compare result: Bookmarks is consistent. local entities count is: 3 local entities hash is: kZTErrMg+MBDiH+gkj7lfeKUCJ4="}
{"logTime": "0519/063346", "correlationVector":"lx1dzGu3B562XrJYnEt0UO.2","action":"CompareDataConsistency result: ", "result":"Compare result: Preferences is consistent. local entities count is: 76 local entities hash is: bJYL24WE/96HBqCTm3f7tpt9fw0="}
{"logTime": "0519/063346", "correlationVector":"lx1dzGu3B562XrJYnEt0UO.3","action":"CompareDataConsistency result: ", "result":"Compare result: Extensions is consistent. local entities count is: 7 local entities hash is: 23rgBHbtK/TCUH55VDqNFqmXyuk="}
{"logTime": "0519/063346", "correlationVector":"lx1dzGu3B562XrJYnEt0UO.4","action":"CompareDataConsistency result: ", "result":"Compare result: Extension settings is consistent. local entities count is: 0 local entities hash is: "}
{"logTime": "0519/063346", "correlationVector":"lx1dzGu3B562XrJYnEt0UO.5","action":"CompareDataConsistency result: ", "result":"Compare result: History Delete Directives is consistent. local entities count is: 0 local entities hash is: "}
{"logTime": "0519/063346", "correlationVector":"lx1dzGu3B562XrJYnEt0UO.6","action":"CompareDataConsistency result: ", "result":"Server did not send this Send Tab To Self local entities count is: 0 local entities hash is: "}
{"logTime": "0519/063346", "correlationVector":"lx1dzGu3B562XrJYnEt0UO.7","action":"CompareDataConsistency result: ", "result":"Compare result: Web Apps is consistent. local entities count is: 0 local entities hash is: "}
{"logTime": "0519/063346", "correlationVector":"lx1dzGu3B562XrJYnEt0UO.8","action":"CompareDataConsistency result: ", "result":"Server did not send this History local entities count is: 0 local entities hash is: "}
{"logTime": "0519/063346", "correlationVector":"lx1dzGu3B562XrJYnEt0UO.9","action":"CompareDataConsistency result: ", "result":"Compare result: Saved Tab Group is consistent. local entities count is: 0 local entities hash is: "}
{"logTime": "0519/063346", "correlationVector":"lx1dzGu3B562XrJYnEt0UO.10","action":"CompareDataConsistency result: ", "result":"Compare result: Collection is consistent. local entities count is: 0 local entities hash is: "}
{"logTime": "0519/063346", "correlationVector":"lx1dzGu3B562XrJYnEt0UO.11","action":"CompareDataConsistency result: ", "result":"Compare result: Edge E Drop is consistent. local entities count is: 8 local entities hash is: s0auFivIFqTCeasQylqAp3ZGjjw="}
{"logTime": "0519/063346", "correlationVector":"lx1dzGu3B562XrJYnEt0UO.12","action":"CompareDataConsistency result: ", "result":"Compare result: Edge Tab Group is consistent. local entities count is: 0 local entities hash is: "}
{"logTime": "0519/063346", "correlationVector":"lx1dzGu3B562XrJYnEt0UO.13","action":"CompareDataConsistency result: ", "result":"Compare result: Edge Wallet is consistent. local entities count is: 0 local entities hash is: "}
{"logTime": "0519/063346", "correlationVector":"lx1dzGu3B562XrJYnEt0UO.14","action":"CompareDataConsistency result: ", "result":"Compare result: Passwords is consistent. local entities count is: 1 local entities hash is: rCkYLK/aYYehp5g8gkLnL4Mbnu8="}
{"logTime": "0519/063346", "correlationVector":"","action":"DIAGNOSTIC_REQUEST|v1/diagnosticData/Diagnostic.SendCheckResult()|SUCCESS", "result":""}
{"logTime": "0519/063356", "correlationVector":"yFxfOD+oeYA+MupweYOS0G","action":"Normal GetUpdate request", "result":"", "context":cV=yFxfOD+oeYA+MupweYOS0G
Notified types: Device Info, History}
{"logTime": "0519/063357", "correlationVector":"yFxfOD+oeYA+MupweYOS0G.1","action":"SyncServerConnectionManagerRequest", "result":"SYNC_SERVER_OK", "context":{"environment":"Prod_southeastasia_prod-s01-064-apac-southeastasia", "migrationStage":"NotStarted", "server":"akswtt00700004d"}}
{"logTime": "0519/063357", "correlationVector":"yFxfOD+oeYA+MupweYOS0G.2","action":"ProcessGetUpdates", "result":"Done", "context":{"dataType":"Sessions", "deleted":"0", "process_failed_to_decrypt":"0", "process_pending_decryption":"0", "process_success":"3", "total":"3"}}
{"logTime": "0519/063357", "correlationVector":"yFxfOD+oeYA+MupweYOS0G.3","action":"ProcessGetUpdates", "result":"Done", "context":{"dataType":"Device Info", "deleted":"0", "process_failed_to_decrypt":"0", "process_pending_decryption":"0", "process_success":"1", "total":"1"}}
{"logTime": "0519/063357", "correlationVector":"yFxfOD+oeYA+MupweYOS0G.4","action":"ProcessGetUpdates", "result":"Done", "context":{"dataType":"History", "deleted":"0", "process_failed_to_decrypt":"0", "process_pending_decryption":"0", "process_success":"5", "total":"5"}}
{"logTime": "0519/063357", "correlationVector":"yFxfOD+oeYA+MupweYOS0G.5","action":"GetUpdates Response", "result":"Success", "context":Received 9 update(s). cV=yFxfOD+oeYA+MupweYOS0G.0;server=akswtt00700004d;cloudType=Consumer;environment=Prod_southeastasia_prod-s01-064-apac-southeastasia;migrationStage=NotStarted}
{"logTime": "0519/063457", "correlationVector":"dYeyw/pIg84XTES2Si7BrG","action":"Normal GetUpdate request", "result":"", "context":cV=dYeyw/pIg84XTES2Si7BrG
Notified types: History}
{"logTime": "0519/063458", "correlationVector":"dYeyw/pIg84XTES2Si7BrG.1","action":"SyncServerConnectionManagerRequest", "result":"SYNC_SERVER_OK", "context":{"environment":"Prod_southeastasia_prod-s01-064-apac-southeastasia", "migrationStage":"NotStarted", "server":"akswtt00700003h"}}
{"logTime": "0519/063458", "correlationVector":"dYeyw/pIg84XTES2Si7BrG.2","action":"ProcessGetUpdates", "result":"Done", "context":{"dataType":"Sessions", "deleted":"0", "process_failed_to_decrypt":"0", "process_pending_decryption":"0", "process_success":"6", "total":"6"}}
{"logTime": "0519/063458", "correlationVector":"dYeyw/pIg84XTES2Si7BrG.3","action":"ProcessGetUpdates", "result":"Done", "context":{"dataType":"History", "deleted":"0", "process_failed_to_decrypt":"0", "process_pending_decryption":"0", "process_success":"3", "total":"3"}}
{"logTime": "0519/063458", "correlationVector":"dYeyw/pIg84XTES2Si7BrG.4","action":"GetUpdates Response", "result":"Success", "context":Received 9 update(s). cV=dYeyw/pIg84XTES2Si7BrG.0;server=akswtt00700003h;cloudType=Consumer;environment=Prod_southeastasia_prod-s01-064-apac-southeastasia;migrationStage=NotStarted}
{"logTime": "0519/063643", "correlationVector":"V24DMRq+x0WwjLB/mWupv0","action":"Normal GetUpdate request", "result":"", "context":cV=V24DMRq+x0WwjLB/mWupv0
Notified types: History}
{"logTime": "0519/063644", "correlationVector":"V24DMRq+x0WwjLB/mWupv0.1","action":"SyncServerConnectionManagerRequest", "result":"SYNC_SERVER_OK", "context":{"environment":"Prod_japanwest_prod-s01-066-apac-japanwest", "migrationStage":"NotStarted", "server":"akswtt00200001m"}}
{"logTime": "0519/063644", "correlationVector":"V24DMRq+x0WwjLB/mWupv0.2","action":"ProcessGetUpdates", "result":"Done", "context":{"dataType":"Sessions", "deleted":"0", "process_failed_to_decrypt":"0", "process_pending_decryption":"0", "process_success":"8", "total":"8"}}
{"logTime": "0519/063644", "correlationVector":"V24DMRq+x0WwjLB/mWupv0.3","action":"ProcessGetUpdates", "result":"Done", "context":{"dataType":"History", "deleted":"0", "process_failed_to_decrypt":"0", "process_pending_decryption":"0", "process_success":"3", "total":"3"}}
{"logTime": "0519/063644", "correlationVector":"V24DMRq+x0WwjLB/mWupv0.4","action":"GetUpdates Response", "result":"Success", "context":Received 11 update(s). cV=V24DMRq+x0WwjLB/mWupv0.0;server=akswtt00200001m;cloudType=Consumer;environment=Prod_japanwest_prod-s01-066-apac-japanwest;migrationStage=NotStarted}
{"logTime": "0519/064105", "correlationVector":"vqtwFd/NRMlgjTTSEOyORT","action":"Normal GetUpdate request", "result":"", "context":cV=vqtwFd/NRMlgjTTSEOyORT
Notified types: History}
{"logTime": "0519/064106", "correlationVector":"vqtwFd/NRMlgjTTSEOyORT.1","action":"SyncServerConnectionManagerRequest", "result":"SYNC_SERVER_OK", "context":{"environment":"Prod_southeastasia_prod-s01-065-apac-southeastasia", "migrationStage":"NotStarted", "server":"akswtt00700001z"}}
{"logTime": "0519/064106", "correlationVector":"vqtwFd/NRMlgjTTSEOyORT.2","action":"ProcessGetUpdates", "result":"Done", "context":{"dataType":"Sessions", "deleted":"1", "process_failed_to_decrypt":"0", "process_pending_decryption":"0", "process_success":"6", "total":"6"}}
{"logTime": "0519/064106", "correlationVector":"vqtwFd/NRMlgjTTSEOyORT.3","action":"ProcessGetUpdates", "result":"Done", "context":{"dataType":"History", "deleted":"0", "process_failed_to_decrypt":"0", "process_pending_decryption":"0", "process_success":"3", "total":"3"}}
{"logTime": "0519/064106", "correlationVector":"vqtwFd/NRMlgjTTSEOyORT.4","action":"GetUpdates Response", "result":"Success", "context":Received 9 update(s). cV=vqtwFd/NRMlgjTTSEOyORT.0;server=akswtt00700001z;cloudType=Consumer;environment=Prod_southeastasia_prod-s01-065-apac-southeastasia;migrationStage=NotStarted}
{"logTime": "0519/064209", "correlationVector":"6jp+r6VBy2pLmoVuuHxZJq","action":"Normal GetUpdate request", "result":"", "context":cV=6jp+r6VBy2pLmoVuuHxZJq
Notified types: History}
{"logTime": "0519/064209", "correlationVector":"6jp+r6VBy2pLmoVuuHxZJq.1","action":"SyncServerConnectionManagerRequest", "result":"SYNC_SERVER_OK", "context":{"environment":"Prod_southeastasia_prod-s01-065-apac-southeastasia", "migrationStage":"NotStarted", "server":"akswtt00700000i"}}
{"logTime": "0519/064209", "correlationVector":"6jp+r6VBy2pLmoVuuHxZJq.2","action":"ProcessGetUpdates", "result":"Done", "context":{"dataType":"Sessions", "deleted":"2", "process_failed_to_decrypt":"0", "process_pending_decryption":"0", "process_success":"4", "total":"4"}}
{"logTime": "0519/064209", "correlationVector":"6jp+r6VBy2pLmoVuuHxZJq.3","action":"ProcessGetUpdates", "result":"Done", "context":{"dataType":"History", "deleted":"0", "process_failed_to_decrypt":"0", "process_pending_decryption":"0", "process_success":"2", "total":"2"}}
{"logTime": "0519/064209", "correlationVector":"6jp+r6VBy2pLmoVuuHxZJq.4","action":"GetUpdates Response", "result":"Success", "context":Received 6 update(s). cV=6jp+r6VBy2pLmoVuuHxZJq.0;server=akswtt00700000i;cloudType=Consumer;environment=Prod_southeastasia_prod-s01-065-apac-southeastasia;migrationStage=NotStarted}
{"logTime": "0519/064820", "correlationVector":"z7lX/hUIGl87eIbZ7onwLl","action":"Normal GetUpdate request", "result":"", "context":cV=z7lX/hUIGl87eIbZ7onwLl
Notified types: History}
{"logTime": "0519/064821", "correlationVector":"z7lX/hUIGl87eIbZ7onwLl.1","action":"SyncServerConnectionManagerRequest", "result":"SYNC_SERVER_OK", "context":{"environment":"Prod_southeastasia_prod-s01-064-apac-southeastasia", "migrationStage":"NotStarted", "server":"akswtt00700000l"}}
{"logTime": "0519/064821", "correlationVector":"z7lX/hUIGl87eIbZ7onwLl.2","action":"ProcessGetUpdates", "result":"Done", "context":{"dataType":"Sessions", "deleted":"0", "process_failed_to_decrypt":"0", "process_pending_decryption":"0", "process_success":"5", "total":"5"}}
{"logTime": "0519/064821", "correlationVector":"z7lX/hUIGl87eIbZ7onwLl.3","action":"ProcessGetUpdates", "result":"Done", "context":{"dataType":"History", "deleted":"0", "process_failed_to_decrypt":"0", "process_pending_decryption":"0", "process_success":"8", "total":"8"}}
{"logTime": "0519/064821", "correlationVector":"z7lX/hUIGl87eIbZ7onwLl.4","action":"GetUpdates Response", "result":"Success", "context":Received 13 update(s). cV=z7lX/hUIGl87eIbZ7onwLl.0;server=akswtt00700000l;cloudType=Consumer;environment=Prod_southeastasia_prod-s01-064-apac-southeastasia;migrationStage=NotStarted}
{"logTime": "0519/064930", "correlationVector":"J1WH+h5krwUn+fhElagkgX","action":"Normal GetUpdate request", "result":"", "context":cV=J1WH+h5krwUn+fhElagkgX
Notified types: Device Info}
{"logTime": "0519/064931", "correlationVector":"J1WH+h5krwUn+fhElagkgX.1","action":"SyncServerConnectionManagerRequest", "result":"SYNC_SERVER_OK", "context":{"environment":"Prod_eastasia_prod-s01-034-apac-eastasia", "migrationStage":"NotStarted", "server":"akswtt00700003m"}}
{"logTime": "0519/064931", "correlationVector":"J1WH+h5krwUn+fhElagkgX.2","action":"ProcessGetUpdates", "result":"Done", "context":{"dataType":"Sessions", "deleted":"0", "process_failed_to_decrypt":"0", "process_pending_decryption":"0", "process_success":"5", "total":"5"}}
{"logTime": "0519/064931", "correlationVector":"J1WH+h5krwUn+fhElagkgX.3","action":"ProcessGetUpdates", "result":"Done", "context":{"dataType":"Device Info", "deleted":"0", "process_failed_to_decrypt":"0", "process_pending_decryption":"0", "process_success":"1", "total":"1"}}
{"logTime": "0519/064931", "correlationVector":"J1WH+h5krwUn+fhElagkgX.4","action":"GetUpdates Response", "result":"Success", "context":Received 6 update(s). cV=J1WH+h5krwUn+fhElagkgX.0;server=akswtt00700003m;cloudType=Consumer;environment=Prod_eastasia_prod-s01-034-apac-eastasia;migrationStage=NotStarted}
{"logTime": "0519/064952", "correlationVector":"WnIcN1nENt9p12tMAm6+Y9","action":"Normal GetUpdate request", "result":"", "context":cV=WnIcN1nENt9p12tMAm6+Y9
Notified types: Device Info, History}
{"logTime": "0519/064952", "correlationVector":"WnIcN1nENt9p12tMAm6+Y9.1","action":"SyncServerConnectionManagerRequest", "result":"SYNC_SERVER_OK", "context":{"environment":"Prod_eastasia_prod-s01-034-apac-eastasia", "migrationStage":"NotStarted", "server":"akswtt00700003t"}}
{"logTime": "0519/064952", "correlationVector":"WnIcN1nENt9p12tMAm6+Y9.2","action":"ProcessGetUpdates", "result":"Done", "context":{"dataType":"Sessions", "deleted":"1", "process_failed_to_decrypt":"0", "process_pending_decryption":"0", "process_success":"3", "total":"3"}}
{"logTime": "0519/064952", "correlationVector":"WnIcN1nENt9p12tMAm6+Y9.3","action":"ProcessGetUpdates", "result":"Done", "context":{"dataType":"Device Info", "deleted":"0", "process_failed_to_decrypt":"0", "process_pending_decryption":"0", "process_success":"1", "total":"1"}}
{"logTime": "0519/064952", "correlationVector":"WnIcN1nENt9p12tMAm6+Y9.4","action":"ProcessGetUpdates", "result":"Done", "context":{"dataType":"History", "deleted":"0", "process_failed_to_decrypt":"0", "process_pending_decryption":"0", "process_success":"1", "total":"1"}}
{"logTime": "0519/064952", "correlationVector":"WnIcN1nENt9p12tMAm6+Y9.5","action":"GetUpdates Response", "result":"Success", "context":Received 5 update(s). cV=WnIcN1nENt9p12tMAm6+Y9.0;server=akswtt00700003t;cloudType=Consumer;environment=Prod_eastasia_prod-s01-034-apac-eastasia;migrationStage=NotStarted}
{"logTime": "0519/065056", "correlationVector":"FEETvj8UkXgpdKCavnSGWo","action":"Normal GetUpdate request", "result":"", "context":cV=FEETvj8UkXgpdKCavnSGWo
Notified types: History}
{"logTime": "0519/065056", "correlationVector":"FEETvj8UkXgpdKCavnSGWo.1","action":"SyncServerConnectionManagerRequest", "result":"SYNC_SERVER_OK", "context":{"environment":"Prod_southeastasia_prod-s01-064-apac-southeastasia", "migrationStage":"NotStarted", "server":"akswtt00700002l"}}
{"logTime": "0519/065056", "correlationVector":"FEETvj8UkXgpdKCavnSGWo.2","action":"ProcessGetUpdates", "result":"Done", "context":{"dataType":"Sessions", "deleted":"0", "process_failed_to_decrypt":"0", "process_pending_decryption":"0", "process_success":"2", "total":"2"}}
{"logTime": "0519/065056", "correlationVector":"FEETvj8UkXgpdKCavnSGWo.3","action":"ProcessGetUpdates", "result":"Done", "context":{"dataType":"History", "deleted":"0", "process_failed_to_decrypt":"0", "process_pending_decryption":"0", "process_success":"3", "total":"3"}}
{"logTime": "0519/065056", "correlationVector":"FEETvj8UkXgpdKCavnSGWo.4","action":"GetUpdates Response", "result":"Success", "context":Received 5 update(s). cV=FEETvj8UkXgpdKCavnSGWo.0;server=akswtt00700002l;cloudType=Consumer;environment=Prod_southeastasia_prod-s01-064-apac-southeastasia;migrationStage=NotStarted}
{"logTime": "0519/065207", "correlationVector":"RRgJdSi5An3wG+3uE4TVPe","action":"Normal GetUpdate request", "result":"", "context":cV=RRgJdSi5An3wG+3uE4TVPe
Notified types: History}
{"logTime": "0519/065207", "correlationVector":"RRgJdSi5An3wG+3uE4TVPe.1","action":"SyncServerConnectionManagerRequest", "result":"SYNC_SERVER_OK", "context":{"environment":"Prod_southeastasia_prod-s01-064-apac-southeastasia", "migrationStage":"NotStarted", "server":"akswtt00700001i"}}
{"logTime": "0519/065207", "correlationVector":"RRgJdSi5An3wG+3uE4TVPe.2","action":"ProcessGetUpdates", "result":"Done", "context":{"dataType":"Sessions", "deleted":"0", "process_failed_to_decrypt":"0", "process_pending_decryption":"0", "process_success":"4", "total":"4"}}
{"logTime": "0519/065207", "correlationVector":"RRgJdSi5An3wG+3uE4TVPe.3","action":"ProcessGetUpdates", "result":"Done", "context":{"dataType":"History", "deleted":"0", "process_failed_to_decrypt":"0", "process_pending_decryption":"0", "process_success":"4", "total":"4"}}
{"logTime": "0519/065207", "correlationVector":"RRgJdSi5An3wG+3uE4TVPe.4","action":"GetUpdates Response", "result":"Success", "context":Received 8 update(s). cV=RRgJdSi5An3wG+3uE4TVPe.0;server=akswtt00700001i;cloudType=Consumer;environment=Prod_southeastasia_prod-s01-064-apac-southeastasia;migrationStage=NotStarted}
{"logTime": "0519/065949", "correlationVector":"/m9W/wPDNI33rn1YbxuEVk","action":"Normal GetUpdate request", "result":"", "context":cV=/m9W/wPDNI33rn1YbxuEVk
Notified types: Device Info}
{"logTime": "0519/065949", "correlationVector":"/m9W/wPDNI33rn1YbxuEVk.1","action":"SyncServerConnectionManagerRequest", "result":"SYNC_SERVER_OK", "context":{"environment":"Prod_southeastasia_prod-s01-065-apac-southeastasia", "migrationStage":"NotStarted", "server":"akswtt007000020"}}
{"logTime": "0519/065949", "correlationVector":"/m9W/wPDNI33rn1YbxuEVk.2","action":"ProcessGetUpdates", "result":"Done", "context":{"dataType":"Sessions", "deleted":"1", "process_failed_to_decrypt":"0", "process_pending_decryption":"0", "process_success":"2", "total":"2"}}
{"logTime": "0519/065949", "correlationVector":"/m9W/wPDNI33rn1YbxuEVk.3","action":"ProcessGetUpdates", "result":"Done", "context":{"dataType":"Device Info", "deleted":"0", "process_failed_to_decrypt":"0", "process_pending_decryption":"0", "process_success":"1", "total":"1"}}
{"logTime": "0519/065949", "correlationVector":"/m9W/wPDNI33rn1YbxuEVk.4","action":"GetUpdates Response", "result":"Success", "context":Received 3 update(s). cV=/m9W/wPDNI33rn1YbxuEVk.0;server=akswtt007000020;cloudType=Consumer;environment=Prod_southeastasia_prod-s01-065-apac-southeastasia;migrationStage=NotStarted}
{"logTime": "0519/065955", "correlationVector":"lD8rGWbwjAo4GBeK62k43U","action":"Normal GetUpdate request", "result":"", "context":cV=lD8rGWbwjAo4GBeK62k43U
Notified types: Device Info}
{"logTime": "0519/065955", "correlationVector":"lD8rGWbwjAo4GBeK62k43U.1","action":"SyncServerConnectionManagerRequest", "result":"SYNC_SERVER_OK", "context":{"environment":"Prod_southeastasia_prod-s01-065-apac-southeastasia", "migrationStage":"NotStarted", "server":"akswtt007000007"}}
{"logTime": "0519/065955", "correlationVector":"lD8rGWbwjAo4GBeK62k43U.2","action":"ProcessGetUpdates", "result":"Done", "context":{"dataType":"Device Info", "deleted":"0", "process_failed_to_decrypt":"0", "process_pending_decryption":"0", "process_success":"1", "total":"1"}}
{"logTime": "0519/065955", "correlationVector":"lD8rGWbwjAo4GBeK62k43U.3","action":"GetUpdates Response", "result":"Success", "context":Received 1 update(s). cV=lD8rGWbwjAo4GBeK62k43U.0;server=akswtt007000007;cloudType=Consumer;environment=Prod_southeastasia_prod-s01-065-apac-southeastasia;migrationStage=NotStarted}
{"logTime": "0519/070105", "correlationVector":"yV6Jf5vk996mXZIjQ1A+VA","action":"Normal GetUpdate request", "result":"", "context":cV=yV6Jf5vk996mXZIjQ1A+VA
Notified types: History}
{"logTime": "0519/070105", "correlationVector":"yV6Jf5vk996mXZIjQ1A+VA.1","action":"SyncServerConnectionManagerRequest", "result":"SYNC_SERVER_OK", "context":{"environment":"Prod_southeastasia_prod-s01-065-apac-southeastasia", "migrationStage":"NotStarted", "server":"akswtt007000020"}}
{"logTime": "0519/070105", "correlationVector":"yV6Jf5vk996mXZIjQ1A+VA.2","action":"ProcessGetUpdates", "result":"Done", "context":{"dataType":"Sessions", "deleted":"0", "process_failed_to_decrypt":"0", "process_pending_decryption":"0", "process_success":"5", "total":"5"}}
{"logTime": "0519/070105", "correlationVector":"yV6Jf5vk996mXZIjQ1A+VA.3","action":"ProcessGetUpdates", "result":"Done", "context":{"dataType":"History", "deleted":"0", "process_failed_to_decrypt":"0", "process_pending_decryption":"0", "process_success":"2", "total":"2"}}
{"logTime": "0519/070105", "correlationVector":"yV6Jf5vk996mXZIjQ1A+VA.4","action":"GetUpdates Response", "result":"Success", "context":Received 7 update(s). cV=yV6Jf5vk996mXZIjQ1A+VA.0;server=akswtt007000020;cloudType=Consumer;environment=Prod_southeastasia_prod-s01-065-apac-southeastasia;migrationStage=NotStarted}
{"logTime": "0519/071123", "correlationVector":"UnfutaDk+F0NjfpUYbeyFs","action":"Commit Request", "result":"", "context":Item count: 1
Contributing types: Sessions}
{"logTime": "0519/071123", "correlationVector":"UnfutaDk+F0NjfpUYbeyFs.1","action":"SyncServerConnectionManagerRequest", "result":"SYNC_SERVER_OK", "context":{"environment":"Prod_southeastasia_prod-s01-064-apac-southeastasia", "migrationStage":"NotStarted", "server":"akswtt00700001k"}}
{"logTime": "0519/071123", "correlationVector":"UnfutaDk+F0NjfpUYbeyFs.2","action":"Commit Response", "result":"Success", "context":Result: Success. cV=UnfutaDk+F0NjfpUYbeyFs.0;server=akswtt00700001k;cloudType=Consumer;environment=Prod_southeastasia_prod-s01-064-apac-southeastasia;migrationStage=NotStarted}
{"logTime": "0519/071252", "correlationVector":"qB6v2DFvzuxntDcsB82Ia1","action":"Commit Request", "result":"", "context":Item count: 1
Contributing types: Sessions}
{"logTime": "0519/071252", "correlationVector":"qB6v2DFvzuxntDcsB82Ia1.1","action":"SyncServerConnectionManagerRequest", "result":"SYNC_SERVER_OK", "context":{"environment":"Prod_southeastasia_prod-s01-064-apac-southeastasia", "migrationStage":"NotStarted", "server":"akswtt00700000j"}}
{"logTime": "0519/071252", "correlationVector":"qB6v2DFvzuxntDcsB82Ia1.2","action":"Commit Response", "result":"Success", "context":Result: Success. cV=qB6v2DFvzuxntDcsB82Ia1.0;server=akswtt00700000j;cloudType=Consumer;environment=Prod_southeastasia_prod-s01-064-apac-southeastasia;migrationStage=NotStarted}
{"logTime": "0519/071507", "correlationVector":"4KQvu9bozFCaVsPTAdv4CX","action":"Commit Request", "result":"", "context":Item count: 1
Contributing types: Sessions}
{"logTime": "0519/071507", "correlationVector":"4KQvu9bozFCaVsPTAdv4CX.1","action":"SyncServerConnectionManagerRequest", "result":"SYNC_SERVER_OK", "context":{"environment":"Prod_southeastasia_prod-s01-064-apac-southeastasia", "migrationStage":"NotStarted", "server":"akswtt00700004g"}}
{"logTime": "0519/071507", "correlationVector":"4KQvu9bozFCaVsPTAdv4CX.2","action":"Commit Response", "result":"Success", "context":Result: Success. cV=4KQvu9bozFCaVsPTAdv4CX.0;server=akswtt00700004g;cloudType=Consumer;environment=Prod_southeastasia_prod-s01-064-apac-southeastasia;migrationStage=NotStarted}
{"logTime": "0519/071849", "correlationVector":"a+NF719gbmiHDS9ovORcyC","action":"Normal GetUpdate request", "result":"", "context":cV=a+NF719gbmiHDS9ovORcyC
Notified types: History}
{"logTime": "0519/071849", "correlationVector":"a+NF719gbmiHDS9ovORcyC.1","action":"SyncServerConnectionManagerRequest", "result":"SYNC_SERVER_OK", "context":{"environment":"Prod_southeastasia_prod-s01-064-apac-southeastasia", "migrationStage":"NotStarted", "server":"akswtt00700003h"}}
{"logTime": "0519/071849", "correlationVector":"a+NF719gbmiHDS9ovORcyC.2","action":"ProcessGetUpdates", "result":"Done", "context":{"dataType":"Sessions", "deleted":"1", "process_failed_to_decrypt":"0", "process_pending_decryption":"0", "process_success":"8", "total":"8"}}
{"logTime": "0519/071849", "correlationVector":"a+NF719gbmiHDS9ovORcyC.3","action":"ProcessGetUpdates", "result":"Done", "context":{"dataType":"History", "deleted":"0", "process_failed_to_decrypt":"0", "process_pending_decryption":"0", "process_success":"3", "total":"3"}}
{"logTime": "0519/071849", "correlationVector":"a+NF719gbmiHDS9ovORcyC.4","action":"GetUpdates Response", "result":"Success", "context":Received 11 update(s). cV=a+NF719gbmiHDS9ovORcyC.0;server=akswtt00700003h;cloudType=Consumer;environment=Prod_southeastasia_prod-s01-064-apac-southeastasia;migrationStage=NotStarted}
{"logTime": "0519/072101", "correlationVector":"ZO55c/IgDv0LHnd/1DnB1g","action":"Normal GetUpdate request", "result":"", "context":cV=ZO55c/IgDv0LHnd/1DnB1g
Notified types: History}
{"logTime": "0519/072102", "correlationVector":"ZO55c/IgDv0LHnd/1DnB1g.1","action":"SyncServerConnectionManagerRequest", "result":"SYNC_SERVER_OK", "context":{"environment":"Prod_southeastasia_prod-s01-064-apac-southeastasia", "migrationStage":"NotStarted", "server":"akswtt00700001f"}}
{"logTime": "0519/072102", "correlationVector":"ZO55c/IgDv0LHnd/1DnB1g.2","action":"ProcessGetUpdates", "result":"Done", "context":{"dataType":"Sessions", "deleted":"1", "process_failed_to_decrypt":"0", "process_pending_decryption":"0", "process_success":"6", "total":"6"}}
{"logTime": "0519/072102", "correlationVector":"ZO55c/IgDv0LHnd/1DnB1g.3","action":"ProcessGetUpdates", "result":"Done", "context":{"dataType":"History", "deleted":"0", "process_failed_to_decrypt":"0", "process_pending_decryption":"0", "process_success":"16", "total":"16"}}
{"logTime": "0519/072102", "correlationVector":"ZO55c/IgDv0LHnd/1DnB1g.4","action":"GetUpdates Response", "result":"Success", "context":Received 22 update(s). cV=ZO55c/IgDv0LHnd/1DnB1g.0;server=akswtt00700001f;cloudType=Consumer;environment=Prod_southeastasia_prod-s01-064-apac-southeastasia;migrationStage=NotStarted}
{"logTime": "0519/072205", "correlationVector":"9QFmOH931EpX1BP8GGSHTh","action":"Normal GetUpdate request", "result":"", "context":cV=9QFmOH931EpX1BP8GGSHTh
Notified types: History}
{"logTime": "0519/072205", "correlationVector":"9QFmOH931EpX1BP8GGSHTh.1","action":"SyncServerConnectionManagerRequest", "result":"SYNC_SERVER_OK", "context":{"environment":"Prod_southeastasia_prod-s01-064-apac-southeastasia", "migrationStage":"NotStarted", "server":"akswtt007000048"}}
{"logTime": "0519/072205", "correlationVector":"9QFmOH931EpX1BP8GGSHTh.2","action":"ProcessGetUpdates", "result":"Done", "context":{"dataType":"Sessions", "deleted":"0", "process_failed_to_decrypt":"0", "process_pending_decryption":"0", "process_success":"4", "total":"4"}}
{"logTime": "0519/072205", "correlationVector":"9QFmOH931EpX1BP8GGSHTh.3","action":"ProcessGetUpdates", "result":"Done", "context":{"dataType":"History", "deleted":"0", "process_failed_to_decrypt":"0", "process_pending_decryption":"0", "process_success":"9", "total":"9"}}
{"logTime": "0519/072205", "correlationVector":"9QFmOH931EpX1BP8GGSHTh.4","action":"GetUpdates Response", "result":"Success", "context":Received 13 update(s). cV=9QFmOH931EpX1BP8GGSHTh.0;server=akswtt007000048;cloudType=Consumer;environment=Prod_southeastasia_prod-s01-064-apac-southeastasia;migrationStage=NotStarted}
{"logTime": "0519/072351", "correlationVector":"UJb+7GIfOjnVH9fKLNF8IA","action":"Normal GetUpdate request", "result":"", "context":cV=UJb+7GIfOjnVH9fKLNF8IA
Notified types: History}
{"logTime": "0519/072352", "correlationVector":"UJb+7GIfOjnVH9fKLNF8IA.1","action":"SyncServerConnectionManagerRequest", "result":"SYNC_SERVER_OK", "context":{"environment":"Prod_southeastasia_prod-s01-064-apac-southeastasia", "migrationStage":"NotStarted", "server":"akswtt00700003k"}}
{"logTime": "0519/072352", "correlationVector":"UJb+7GIfOjnVH9fKLNF8IA.2","action":"ProcessGetUpdates", "result":"Done", "context":{"dataType":"Sessions", "deleted":"1", "process_failed_to_decrypt":"0", "process_pending_decryption":"0", "process_success":"3", "total":"3"}}
{"logTime": "0519/072352", "correlationVector":"UJb+7GIfOjnVH9fKLNF8IA.3","action":"ProcessGetUpdates", "result":"Done", "context":{"dataType":"History", "deleted":"0", "process_failed_to_decrypt":"0", "process_pending_decryption":"0", "process_success":"1", "total":"1"}}
{"logTime": "0519/072352", "correlationVector":"UJb+7GIfOjnVH9fKLNF8IA.4","action":"GetUpdates Response", "result":"Success", "context":Received 4 update(s). cV=UJb+7GIfOjnVH9fKLNF8IA.0;server=akswtt00700003k;cloudType=Consumer;environment=Prod_southeastasia_prod-s01-064-apac-southeastasia;migrationStage=NotStarted}
{"logTime": "0519/072454", "correlationVector":"EbdhjVcY4NCyfvvmZ4Ny4n","action":"Normal GetUpdate request", "result":"", "context":cV=EbdhjVcY4NCyfvvmZ4Ny4n
Notified types: History}
{"logTime": "0519/072455", "correlationVector":"EbdhjVcY4NCyfvvmZ4Ny4n.1","action":"SyncServerConnectionManagerRequest", "result":"SYNC_SERVER_OK", "context":{"environment":"Prod_southeastasia_prod-s01-064-apac-southeastasia", "migrationStage":"NotStarted", "server":"akswtt00700000l"}}
{"logTime": "0519/072455", "correlationVector":"EbdhjVcY4NCyfvvmZ4Ny4n.2","action":"ProcessGetUpdates", "result":"Done", "context":{"dataType":"Sessions", "deleted":"0", "process_failed_to_decrypt":"0", "process_pending_decryption":"0", "process_success":"3", "total":"3"}}
{"logTime": "0519/072455", "correlationVector":"EbdhjVcY4NCyfvvmZ4Ny4n.3","action":"ProcessGetUpdates", "result":"Done", "context":{"dataType":"History", "deleted":"0", "process_failed_to_decrypt":"0", "process_pending_decryption":"0", "process_success":"1", "total":"1"}}
{"logTime": "0519/072455", "correlationVector":"EbdhjVcY4NCyfvvmZ4Ny4n.4","action":"GetUpdates Response", "result":"Success", "context":Received 4 update(s). cV=EbdhjVcY4NCyfvvmZ4Ny4n.0;server=akswtt00700000l;cloudType=Consumer;environment=Prod_southeastasia_prod-s01-064-apac-southeastasia;migrationStage=NotStarted}
{"logTime": "0519/073310", "correlationVector":"xKy/snjYb+vTOq5m8JXcJA","action":"Commit Request", "result":"", "context":Item count: 1
Contributing types: Sessions}
{"logTime": "0519/073311", "correlationVector":"xKy/snjYb+vTOq5m8JXcJA.1","action":"SyncServerConnectionManagerRequest", "result":"SYNC_SERVER_OK", "context":{"environment":"Prod_eastasia_prod-s01-034-apac-eastasia", "migrationStage":"NotStarted", "server":"akswtt00700000p"}}
{"logTime": "0519/073311", "correlationVector":"xKy/snjYb+vTOq5m8JXcJA.2","action":"Commit Response", "result":"Success", "context":Result: Success. cV=xKy/snjYb+vTOq5m8JXcJA.0;server=akswtt00700000p;cloudType=Consumer;environment=Prod_eastasia_prod-s01-034-apac-eastasia;migrationStage=NotStarted}
{"logTime": "0519/073543", "correlationVector":"Zts8FslUSaqJWoI4NcNHPF","action":"Commit Request", "result":"", "context":Item count: 1
Contributing types: Sessions}
{"logTime": "0519/073543", "correlationVector":"Zts8FslUSaqJWoI4NcNHPF.1","action":"SyncServerConnectionManagerRequest", "result":"SYNC_SERVER_OK", "context":{"environment":"Prod_southeastasia_prod-s01-065-apac-southeastasia", "migrationStage":"NotStarted", "server":"akswtt00700001u"}}
{"logTime": "0519/073543", "correlationVector":"Zts8FslUSaqJWoI4NcNHPF.2","action":"Commit Response", "result":"Success", "context":Result: Success. cV=Zts8FslUSaqJWoI4NcNHPF.0;server=akswtt00700001u;cloudType=Consumer;environment=Prod_southeastasia_prod-s01-065-apac-southeastasia;migrationStage=NotStarted}
{"logTime": "0519/073904", "correlationVector":"xP0KBrN38D7a/UwTo4Ld4D","action":"Commit Request", "result":"", "context":Item count: 1
Contributing types: Sessions}
{"logTime": "0519/073905", "correlationVector":"xP0KBrN38D7a/UwTo4Ld4D.1","action":"SyncServerConnectionManagerRequest", "result":"SYNC_SERVER_OK", "context":{"environment":"Prod_southeastasia_prod-s01-064-apac-southeastasia", "migrationStage":"NotStarted", "server":"akswtt007000046"}}
{"logTime": "0519/073905", "correlationVector":"xP0KBrN38D7a/UwTo4Ld4D.2","action":"Commit Response", "result":"Success", "context":Result: Success. cV=xP0KBrN38D7a/UwTo4Ld4D.0;server=akswtt007000046;cloudType=Consumer;environment=Prod_southeastasia_prod-s01-064-apac-southeastasia;migrationStage=NotStarted}
{"logTime": "0519/074032", "correlationVector":"xTJ2Q7bA7MK4Tpu7jiL8Q1","action":"Normal GetUpdate request", "result":"", "context":cV=xTJ2Q7bA7MK4Tpu7jiL8Q1
Notified types: History}
{"logTime": "0519/074033", "correlationVector":"xTJ2Q7bA7MK4Tpu7jiL8Q1.1","action":"SyncServerConnectionManagerRequest", "result":"SYNC_SERVER_OK", "context":{"environment":"Prod_southeastasia_prod-s01-064-apac-southeastasia", "migrationStage":"NotStarted", "server":"akswtt007000012"}}
{"logTime": "0519/074033", "correlationVector":"xTJ2Q7bA7MK4Tpu7jiL8Q1.2","action":"ProcessGetUpdates", "result":"Done", "context":{"dataType":"Sessions", "deleted":"2", "process_failed_to_decrypt":"0", "process_pending_decryption":"0", "process_success":"6", "total":"6"}}
{"logTime": "0519/074033", "correlationVector":"xTJ2Q7bA7MK4Tpu7jiL8Q1.3","action":"ProcessGetUpdates", "result":"Done", "context":{"dataType":"History", "deleted":"0", "process_failed_to_decrypt":"0", "process_pending_decryption":"0", "process_success":"1", "total":"1"}}
{"logTime": "0519/074033", "correlationVector":"xTJ2Q7bA7MK4Tpu7jiL8Q1.4","action":"GetUpdates Response", "result":"Success", "context":Received 7 update(s). cV=xTJ2Q7bA7MK4Tpu7jiL8Q1.0;server=akswtt007000012;cloudType=Consumer;environment=Prod_southeastasia_prod-s01-064-apac-southeastasia;migrationStage=NotStarted}
{"logTime": "0519/074325", "correlationVector":"DwJ/sruvl3uLekMQOLSzOQ","action":"Commit Request", "result":"", "context":Item count: 4
Contributing types: Sessions, History}
{"logTime": "0519/074325", "correlationVector":"DwJ/sruvl3uLekMQOLSzOQ.1","action":"SyncServerConnectionManagerRequest", "result":"SYNC_SERVER_OK", "context":{"environment":"Prod_southeastasia_prod-s01-064-apac-southeastasia", "migrationStage":"NotStarted", "server":"akswtt007000020"}}
{"logTime": "0519/074325", "correlationVector":"DwJ/sruvl3uLekMQOLSzOQ.2","action":"Commit Response", "result":"Success", "context":Result: Success. cV=DwJ/sruvl3uLekMQOLSzOQ.0;server=akswtt007000020;cloudType=Consumer;environment=Prod_southeastasia_prod-s01-064-apac-southeastasia;migrationStage=NotStarted}
{"logTime": "0519/074328", "correlationVector":"CT4fOAKDQtIzsZsbJRDFkC","action":"Normal GetUpdate request", "result":"", "context":cV=CT4fOAKDQtIzsZsbJRDFkC
Notified types: History}
{"logTime": "0519/074328", "correlationVector":"CT4fOAKDQtIzsZsbJRDFkC.1","action":"SyncServerConnectionManagerRequest", "result":"SYNC_SERVER_OK", "context":{"environment":"Prod_eastasia_prod-s01-034-apac-eastasia", "migrationStage":"NotStarted", "server":"akswtt007000023"}}
{"logTime": "0519/074328", "correlationVector":"CT4fOAKDQtIzsZsbJRDFkC.2","action":"ProcessGetUpdates", "result":"Done", "context":{"dataType":"Sessions", "deleted":"0", "process_failed_to_decrypt":"0", "process_pending_decryption":"0", "process_success":"3", "total":"3"}}
{"logTime": "0519/074328", "correlationVector":"CT4fOAKDQtIzsZsbJRDFkC.3","action":"ProcessGetUpdates", "result":"Done", "context":{"dataType":"History", "deleted":"0", "process_failed_to_decrypt":"0", "process_pending_decryption":"0", "process_success":"4", "total":"4"}}
{"logTime": "0519/074328", "correlationVector":"CT4fOAKDQtIzsZsbJRDFkC.4","action":"GetUpdates Response", "result":"Success", "context":Received 7 update(s). cV=CT4fOAKDQtIzsZsbJRDFkC.0;server=akswtt007000023;cloudType=Consumer;environment=Prod_eastasia_prod-s01-034-apac-eastasia;migrationStage=NotStarted}
{"logTime": "0519/074849", "correlationVector":"UQJwO7QAxEq6KiZd6PN/tS","action":"Commit Request", "result":"", "context":Item count: 1
Contributing types: Sessions}
{"logTime": "0519/074850", "correlationVector":"UQJwO7QAxEq6KiZd6PN/tS.1","action":"SyncServerConnectionManagerRequest", "result":"SYNC_SERVER_OK", "context":{"environment":"Prod_southeastasia_prod-s01-064-apac-southeastasia", "migrationStage":"NotStarted", "server":"akswtt00700002d"}}
{"logTime": "0519/074850", "correlationVector":"UQJwO7QAxEq6KiZd6PN/tS.2","action":"Commit Response", "result":"Success", "context":Result: Success. cV=UQJwO7QAxEq6KiZd6PN/tS.0;server=akswtt00700002d;cloudType=Consumer;environment=Prod_southeastasia_prod-s01-064-apac-southeastasia;migrationStage=NotStarted}
{"logTime": "0519/075136", "correlationVector":"aXEN2bPynZbWV91dCnF7oX","action":"Commit Request", "result":"", "context":Item count: 1
Contributing types: Sessions}
{"logTime": "0519/075137", "correlationVector":"aXEN2bPynZbWV91dCnF7oX.1","action":"SyncServerConnectionManagerRequest", "result":"SYNC_SERVER_OK", "context":{"environment":"Prod_southeastasia_prod-s01-064-apac-southeastasia", "migrationStage":"NotStarted", "server":"akswtt00700004b"}}
{"logTime": "0519/075137", "correlationVector":"aXEN2bPynZbWV91dCnF7oX.2","action":"Commit Response", "result":"Success", "context":Result: Success. cV=aXEN2bPynZbWV91dCnF7oX.0;server=akswtt00700004b;cloudType=Consumer;environment=Prod_southeastasia_prod-s01-064-apac-southeastasia;migrationStage=NotStarted}
{"logTime": "0519/075200", "correlationVector":"MHSmIaNzuTVZdzsZd7dt1q","action":"Normal GetUpdate request", "result":"", "context":cV=MHSmIaNzuTVZdzsZd7dt1q
Notified types: Device Info, History}
{"logTime": "0519/075200", "correlationVector":"MHSmIaNzuTVZdzsZd7dt1q.1","action":"SyncServerConnectionManagerRequest", "result":"SYNC_SERVER_OK", "context":{"environment":"Prod_southeastasia_prod-s01-064-apac-southeastasia", "migrationStage":"NotStarted", "server":"akswtt00700003c"}}
{"logTime": "0519/075200", "correlationVector":"MHSmIaNzuTVZdzsZd7dt1q.2","action":"ProcessGetUpdates", "result":"Done", "context":{"dataType":"Sessions", "deleted":"0", "process_failed_to_decrypt":"0", "process_pending_decryption":"0", "process_success":"2", "total":"2"}}
{"logTime": "0519/075200", "correlationVector":"MHSmIaNzuTVZdzsZd7dt1q.3","action":"ProcessGetUpdates", "result":"Done", "context":{"dataType":"Device Info", "deleted":"0", "process_failed_to_decrypt":"0", "process_pending_decryption":"0", "process_success":"1", "total":"1"}}
{"logTime": "0519/075200", "correlationVector":"MHSmIaNzuTVZdzsZd7dt1q.4","action":"ProcessGetUpdates", "result":"Done", "context":{"dataType":"History", "deleted":"0", "process_failed_to_decrypt":"0", "process_pending_decryption":"0", "process_success":"4", "total":"4"}}
{"logTime": "0519/075200", "correlationVector":"MHSmIaNzuTVZdzsZd7dt1q.5","action":"GetUpdates Response", "result":"Success", "context":Received 7 update(s). cV=MHSmIaNzuTVZdzsZd7dt1q.0;server=akswtt00700003c;cloudType=Consumer;environment=Prod_southeastasia_prod-s01-064-apac-southeastasia;migrationStage=NotStarted}
{"logTime": "0519/075236", "correlationVector":"iQedpI+hi0SamkvcK6P2B4","action":"Normal GetUpdate request", "result":"", "context":cV=iQedpI+hi0SamkvcK6P2B4
Notified types: Device Info, History}
{"logTime": "0519/075236", "correlationVector":"iQedpI+hi0SamkvcK6P2B4.1","action":"SyncServerConnectionManagerRequest", "result":"SYNC_SERVER_OK", "context":{"environment":"Prod_southeastasia_prod-s01-064-apac-southeastasia", "migrationStage":"NotStarted", "server":"akswtt00700001j"}}
{"logTime": "0519/075236", "correlationVector":"iQedpI+hi0SamkvcK6P2B4.2","action":"ProcessGetUpdates", "result":"Done", "context":{"dataType":"Sessions", "deleted":"0", "process_failed_to_decrypt":"0", "process_pending_decryption":"0", "process_success":"2", "total":"2"}}
{"logTime": "0519/075236", "correlationVector":"iQedpI+hi0SamkvcK6P2B4.3","action":"ProcessGetUpdates", "result":"Done", "context":{"dataType":"Device Info", "deleted":"0", "process_failed_to_decrypt":"0", "process_pending_decryption":"0", "process_success":"1", "total":"1"}}
{"logTime": "0519/075236", "correlationVector":"iQedpI+hi0SamkvcK6P2B4.4","action":"ProcessGetUpdates", "result":"Done", "context":{"dataType":"History", "deleted":"0", "process_failed_to_decrypt":"0", "process_pending_decryption":"0", "process_success":"2", "total":"2"}}
{"logTime": "0519/075236", "correlationVector":"iQedpI+hi0SamkvcK6P2B4.5","action":"GetUpdates Response", "result":"Success", "context":Received 5 update(s). cV=iQedpI+hi0SamkvcK6P2B4.0;server=akswtt00700001j;cloudType=Consumer;environment=Prod_southeastasia_prod-s01-064-apac-southeastasia;migrationStage=NotStarted}
{"logTime": "0519/075337", "correlationVector":"bUiE6LtETVbJGp0FApA/O1","action":"Normal GetUpdate request", "result":"", "context":cV=bUiE6LtETVbJGp0FApA/O1
Notified types: History}
{"logTime": "0519/075337", "correlationVector":"bUiE6LtETVbJGp0FApA/O1.1","action":"SyncServerConnectionManagerRequest", "result":"SYNC_SERVER_OK", "context":{"environment":"Prod_southeastasia_prod-s01-064-apac-southeastasia", "migrationStage":"NotStarted", "server":"akswtt007000036"}}
{"logTime": "0519/075337", "correlationVector":"bUiE6LtETVbJGp0FApA/O1.2","action":"ProcessGetUpdates", "result":"Done", "context":{"dataType":"Sessions", "deleted":"0", "process_failed_to_decrypt":"0", "process_pending_decryption":"0", "process_success":"4", "total":"4"}}
{"logTime": "0519/075337", "correlationVector":"bUiE6LtETVbJGp0FApA/O1.3","action":"ProcessGetUpdates", "result":"Done", "context":{"dataType":"History", "deleted":"0", "process_failed_to_decrypt":"0", "process_pending_decryption":"0", "process_success":"5", "total":"5"}}
{"logTime": "0519/075337", "correlationVector":"bUiE6LtETVbJGp0FApA/O1.4","action":"GetUpdates Response", "result":"Success", "context":Received 9 update(s). cV=bUiE6LtETVbJGp0FApA/O1.0;server=akswtt007000036;cloudType=Consumer;environment=Prod_southeastasia_prod-s01-064-apac-southeastasia;migrationStage=NotStarted}
{"logTime": "0519/075550", "correlationVector":"ieUbFeuzGt1nf1wz/Ax5Nm","action":"Commit Request", "result":"", "context":Item count: 3
Contributing types: Sessions, History}
{"logTime": "0519/075551", "correlationVector":"ieUbFeuzGt1nf1wz/Ax5Nm.1","action":"SyncServerConnectionManagerRequest", "result":"SYNC_SERVER_OK", "context":{"environment":"Prod_southeastasia_prod-s01-064-apac-southeastasia", "migrationStage":"NotStarted", "server":"akswtt007000018"}}
{"logTime": "0519/075551", "correlationVector":"ieUbFeuzGt1nf1wz/Ax5Nm.2","action":"Commit Response", "result":"Success", "context":Result: Success. cV=ieUbFeuzGt1nf1wz/Ax5Nm.0;server=akswtt007000018;cloudType=Consumer;environment=Prod_southeastasia_prod-s01-064-apac-southeastasia;migrationStage=NotStarted}
{"logTime": "0519/075706", "correlationVector":"1vgZCFg/ahyQW6UlxOGu3F","action":"Commit Request", "result":"", "context":Item count: 1
Contributing types: Sessions}
{"logTime": "0519/075707", "correlationVector":"1vgZCFg/ahyQW6UlxOGu3F.1","action":"SyncServerConnectionManagerRequest", "result":"SYNC_SERVER_OK", "context":{"environment":"Prod_southeastasia_prod-s01-064-apac-southeastasia", "migrationStage":"NotStarted", "server":"akswtt007000014"}}
{"logTime": "0519/075707", "correlationVector":"1vgZCFg/ahyQW6UlxOGu3F.2","action":"Commit Response", "result":"Success", "context":Result: Success. cV=1vgZCFg/ahyQW6UlxOGu3F.0;server=akswtt007000014;cloudType=Consumer;environment=Prod_southeastasia_prod-s01-064-apac-southeastasia;migrationStage=NotStarted}
{"logTime": "0519/075849", "correlationVector":"A0vpMfTMDB6373cB0wdWop","action":"Commit Request", "result":"", "context":Item count: 1
Contributing types: Sessions}
{"logTime": "0519/075850", "correlationVector":"A0vpMfTMDB6373cB0wdWop.1","action":"SyncServerConnectionManagerRequest", "result":"SYNC_SERVER_OK", "context":{"environment":"Prod_southeastasia_prod-s01-064-apac-southeastasia", "migrationStage":"NotStarted", "server":"akswtt00700001l"}}
{"logTime": "0519/075850", "correlationVector":"A0vpMfTMDB6373cB0wdWop.2","action":"Commit Response", "result":"Success", "context":Result: Success. cV=A0vpMfTMDB6373cB0wdWop.0;server=akswtt00700001l;cloudType=Consumer;environment=Prod_southeastasia_prod-s01-064-apac-southeastasia;migrationStage=NotStarted}
{"logTime": "0519/082653", "correlationVector":"K3QweJeqFkHEDHSF6PhFt7","action":"Normal GetUpdate request", "result":"", "context":cV=K3QweJeqFkHEDHSF6PhFt7
Notified types: History}
{"logTime": "0519/082654", "correlationVector":"K3QweJeqFkHEDHSF6PhFt7.1","action":"SyncServerConnectionManagerRequest", "result":"SYNC_SERVER_OK", "context":{"environment":"Prod_southeastasia_prod-s01-065-apac-southeastasia", "migrationStage":"NotStarted", "server":"akswtt007000023"}}
{"logTime": "0519/082654", "correlationVector":"K3QweJeqFkHEDHSF6PhFt7.2","action":"ProcessGetUpdates", "result":"Done", "context":{"dataType":"Sessions", "deleted":"2", "process_failed_to_decrypt":"0", "process_pending_decryption":"0", "process_success":"7", "total":"7"}}
{"logTime": "0519/082654", "correlationVector":"K3QweJeqFkHEDHSF6PhFt7.3","action":"ProcessGetUpdates", "result":"Done", "context":{"dataType":"History", "deleted":"0", "process_failed_to_decrypt":"0", "process_pending_decryption":"0", "process_success":"3", "total":"3"}}
{"logTime": "0519/082654", "correlationVector":"K3QweJeqFkHEDHSF6PhFt7.4","action":"GetUpdates Response", "result":"Success", "context":Received 10 update(s). cV=K3QweJeqFkHEDHSF6PhFt7.0;server=akswtt007000023;cloudType=Consumer;environment=Prod_southeastasia_prod-s01-065-apac-southeastasia;migrationStage=NotStarted}
{"logTime": "0519/082852", "correlationVector":"6+7K6mjVFargXsFfR+iyjK","action":"Normal GetUpdate request", "result":"", "context":cV=6+7K6mjVFargXsFfR+iyjK
Nudged types: Sessions
Notified types: Autofill Profiles, Autofill, History}
{"logTime": "0519/082852", "correlationVector":"6+7K6mjVFargXsFfR+iyjK.1","action":"SyncServerConnectionManagerRequest", "result":"SYNC_SERVER_OK", "context":{"environment":"Prod_southeastasia_prod-s01-065-apac-southeastasia", "migrationStage":"NotStarted", "server":"akswtt007000005"}}
{"logTime": "0519/082852", "correlationVector":"6+7K6mjVFargXsFfR+iyjK.2","action":"ProcessGetUpdates", "result":"Done", "context":{"dataType":"Autofill Profiles", "deleted":"0", "process_failed_to_decrypt":"0", "process_pending_decryption":"0", "process_success":"1", "total":"1"}}
{"logTime": "0519/082852", "correlationVector":"6+7K6mjVFargXsFfR+iyjK.3","action":"ProcessGetUpdates", "result":"Done", "context":{"dataType":"Autofill", "deleted":"0", "process_failed_to_decrypt":"0", "process_pending_decryption":"0", "process_success":"1", "total":"1"}}
{"logTime": "0519/082852", "correlationVector":"6+7K6mjVFargXsFfR+iyjK.4","action":"ProcessGetUpdates", "result":"Done", "context":{"dataType":"Sessions", "deleted":"0", "process_failed_to_decrypt":"0", "process_pending_decryption":"0", "process_success":"3", "total":"3"}}
{"logTime": "0519/082852", "correlationVector":"6+7K6mjVFargXsFfR+iyjK.5","action":"ProcessGetUpdates", "result":"Done", "context":{"dataType":"History", "deleted":"0", "process_failed_to_decrypt":"0", "process_pending_decryption":"0", "process_success":"4", "total":"4"}}
{"logTime": "0519/082852", "correlationVector":"6+7K6mjVFargXsFfR+iyjK.6","action":"GetUpdates Response", "result":"Success", "context":Received 9 update(s). cV=6+7K6mjVFargXsFfR+iyjK.0;server=akswtt007000005;cloudType=Consumer;environment=Prod_southeastasia_prod-s01-065-apac-southeastasia;migrationStage=NotStarted}
{"logTime": "0519/082852", "correlationVector":"eJwF4cLHpz4Mul6W+x2H4G","action":"Commit Request", "result":"", "context":Item count: 1
Contributing types: Sessions}
{"logTime": "0519/082853", "correlationVector":"eJwF4cLHpz4Mul6W+x2H4G.1","action":"SyncServerConnectionManagerRequest", "result":"SYNC_SERVER_OK", "context":{"environment":"Prod_southeastasia_prod-s01-065-apac-southeastasia", "migrationStage":"NotStarted", "server":"akswtt00700001l"}}
{"logTime": "0519/082853", "correlationVector":"eJwF4cLHpz4Mul6W+x2H4G.2","action":"Commit Response", "result":"Success", "context":Result: Success. cV=eJwF4cLHpz4Mul6W+x2H4G.0;server=akswtt00700001l;cloudType=Consumer;environment=Prod_southeastasia_prod-s01-065-apac-southeastasia;migrationStage=NotStarted}
{"logTime": "0519/082954", "correlationVector":"Eb6mVJ/8/yZ8TqRW8l9CCo","action":"Normal GetUpdate request", "result":"", "context":cV=Eb6mVJ/8/yZ8TqRW8l9CCo
Notified types: History}
{"logTime": "0519/082955", "correlationVector":"Eb6mVJ/8/yZ8TqRW8l9CCo.1","action":"SyncServerConnectionManagerRequest", "result":"SYNC_SERVER_OK", "context":{"environment":"Prod_eastasia_prod-s01-034-apac-eastasia", "migrationStage":"NotStarted", "server":"akswtt00700002s"}}
{"logTime": "0519/082955", "correlationVector":"Eb6mVJ/8/yZ8TqRW8l9CCo.2","action":"ProcessGetUpdates", "result":"Done", "context":{"dataType":"Sessions", "deleted":"0", "process_failed_to_decrypt":"0", "process_pending_decryption":"0", "process_success":"4", "total":"4"}}
{"logTime": "0519/082955", "correlationVector":"Eb6mVJ/8/yZ8TqRW8l9CCo.3","action":"ProcessGetUpdates", "result":"Done", "context":{"dataType":"History", "deleted":"0", "process_failed_to_decrypt":"0", "process_pending_decryption":"0", "process_success":"17", "total":"17"}}
{"logTime": "0519/082955", "correlationVector":"Eb6mVJ/8/yZ8TqRW8l9CCo.4","action":"GetUpdates Response", "result":"Success", "context":Received 21 update(s). cV=Eb6mVJ/8/yZ8TqRW8l9CCo.0;server=akswtt00700002s;cloudType=Consumer;environment=Prod_eastasia_prod-s01-034-apac-eastasia;migrationStage=NotStarted}
{"logTime": "0519/083617", "correlationVector":"ptgUoFCilAJNVtRPtmR3VT","action":"Normal GetUpdate request", "result":"", "context":cV=ptgUoFCilAJNVtRPtmR3VT
Notified types: History}
{"logTime": "0519/083617", "correlationVector":"ptgUoFCilAJNVtRPtmR3VT.1","action":"SyncServerConnectionManagerRequest", "result":"SYNC_SERVER_OK", "context":{"environment":"Prod_southeastasia_prod-s01-064-apac-southeastasia", "migrationStage":"NotStarted", "server":"akswtt00700003t"}}
{"logTime": "0519/083617", "correlationVector":"ptgUoFCilAJNVtRPtmR3VT.2","action":"ProcessGetUpdates", "result":"Done", "context":{"dataType":"Sessions", "deleted":"4", "process_failed_to_decrypt":"0", "process_pending_decryption":"0", "process_success":"8", "total":"8"}}
{"logTime": "0519/083617", "correlationVector":"ptgUoFCilAJNVtRPtmR3VT.3","action":"ProcessGetUpdates", "result":"Done", "context":{"dataType":"History", "deleted":"0", "process_failed_to_decrypt":"0", "process_pending_decryption":"0", "process_success":"6", "total":"6"}}
{"logTime": "0519/083617", "correlationVector":"ptgUoFCilAJNVtRPtmR3VT.4","action":"GetUpdates Response", "result":"Success", "context":Received 14 update(s). cV=ptgUoFCilAJNVtRPtmR3VT.0;server=akswtt00700003t;cloudType=Consumer;environment=Prod_southeastasia_prod-s01-064-apac-southeastasia;migrationStage=NotStarted}
{"logTime": "0519/084244", "correlationVector":"8z5stp6njvXOhjf07fVqUx","action":"Commit Request", "result":"", "context":Item count: 1
Contributing types: Sessions}
{"logTime": "0519/084244", "correlationVector":"8z5stp6njvXOhjf07fVqUx.1","action":"SyncServerConnectionManagerRequest", "result":"SYNC_SERVER_OK", "context":{"environment":"Prod_southeastasia_prod-s01-065-apac-southeastasia", "migrationStage":"NotStarted", "server":"akswtt00700003o"}}
{"logTime": "0519/084244", "correlationVector":"8z5stp6njvXOhjf07fVqUx.2","action":"Commit Response", "result":"Success", "context":Result: Success. cV=8z5stp6njvXOhjf07fVqUx.0;server=akswtt00700003o;cloudType=Consumer;environment=Prod_southeastasia_prod-s01-065-apac-southeastasia;migrationStage=NotStarted}
{"logTime": "0519/084458", "correlationVector":"Gpxh+pNVCfkNyjxc5HrBVQ","action":"Normal GetUpdate request", "result":"", "context":cV=Gpxh+pNVCfkNyjxc5HrBVQ
Notified types: History}
{"logTime": "0519/084458", "correlationVector":"Gpxh+pNVCfkNyjxc5HrBVQ.1","action":"SyncServerConnectionManagerRequest", "result":"SYNC_SERVER_OK", "context":{"environment":"Prod_southeastasia_prod-s01-064-apac-southeastasia", "migrationStage":"NotStarted", "server":"akswtt007000038"}}
{"logTime": "0519/084458", "correlationVector":"Gpxh+pNVCfkNyjxc5HrBVQ.2","action":"ProcessGetUpdates", "result":"Done", "context":{"dataType":"Sessions", "deleted":"2", "process_failed_to_decrypt":"0", "process_pending_decryption":"0", "process_success":"6", "total":"6"}}
{"logTime": "0519/084458", "correlationVector":"Gpxh+pNVCfkNyjxc5HrBVQ.3","action":"ProcessGetUpdates", "result":"Done", "context":{"dataType":"History", "deleted":"0", "process_failed_to_decrypt":"0", "process_pending_decryption":"0", "process_success":"1", "total":"1"}}
{"logTime": "0519/084458", "correlationVector":"Gpxh+pNVCfkNyjxc5HrBVQ.4","action":"GetUpdates Response", "result":"Success", "context":Received 7 update(s). cV=Gpxh+pNVCfkNyjxc5HrBVQ.0;server=akswtt007000038;cloudType=Consumer;environment=Prod_southeastasia_prod-s01-064-apac-southeastasia;migrationStage=NotStarted}
{"logTime": "0519/084832", "correlationVector":"S1lR2Tq5V25wnK6kfJkmHL","action":"Normal GetUpdate request", "result":"", "context":cV=S1lR2Tq5V25wnK6kfJkmHL
Notified types: Device Info}
{"logTime": "0519/084833", "correlationVector":"S1lR2Tq5V25wnK6kfJkmHL.1","action":"SyncServerConnectionManagerRequest", "result":"SYNC_SERVER_OK", "context":{"environment":"Prod_southeastasia_prod-s01-064-apac-southeastasia", "migrationStage":"NotStarted", "server":"akswtt00700003b"}}
{"logTime": "0519/084833", "correlationVector":"S1lR2Tq5V25wnK6kfJkmHL.2","action":"ProcessGetUpdates", "result":"Done", "context":{"dataType":"Sessions", "deleted":"1", "process_failed_to_decrypt":"0", "process_pending_decryption":"0", "process_success":"1", "total":"1"}}
{"logTime": "0519/084833", "correlationVector":"S1lR2Tq5V25wnK6kfJkmHL.3","action":"ProcessGetUpdates", "result":"Done", "context":{"dataType":"Device Info", "deleted":"0", "process_failed_to_decrypt":"0", "process_pending_decryption":"0", "process_success":"1", "total":"1"}}
{"logTime": "0519/084833", "correlationVector":"S1lR2Tq5V25wnK6kfJkmHL.4","action":"GetUpdates Response", "result":"Success", "context":Received 2 update(s). cV=S1lR2Tq5V25wnK6kfJkmHL.0;server=akswtt00700003b;cloudType=Consumer;environment=Prod_southeastasia_prod-s01-064-apac-southeastasia;migrationStage=NotStarted}
{"logTime": "0519/084937", "correlationVector":"Vjd4abmRLfxTw63fpEywrP","action":"Normal GetUpdate request", "result":"", "context":cV=Vjd4abmRLfxTw63fpEywrP
Nudged types: Sessions
Notified types: History}
{"logTime": "0519/084938", "correlationVector":"Vjd4abmRLfxTw63fpEywrP.1","action":"SyncServerConnectionManagerRequest", "result":"SYNC_SERVER_OK", "context":{"environment":"Prod_southeastasia_prod-s01-064-apac-southeastasia", "migrationStage":"NotStarted", "server":"akswtt00700002g"}}
{"logTime": "0519/084938", "correlationVector":"Vjd4abmRLfxTw63fpEywrP.2","action":"ProcessGetUpdates", "result":"Done", "context":{"dataType":"Sessions", "deleted":"0", "process_failed_to_decrypt":"0", "process_pending_decryption":"0", "process_success":"3", "total":"3"}}
{"logTime": "0519/084938", "correlationVector":"Vjd4abmRLfxTw63fpEywrP.3","action":"ProcessGetUpdates", "result":"Done", "context":{"dataType":"History", "deleted":"0", "process_failed_to_decrypt":"0", "process_pending_decryption":"0", "process_success":"4", "total":"4"}}
{"logTime": "0519/084938", "correlationVector":"Vjd4abmRLfxTw63fpEywrP.4","action":"GetUpdates Response", "result":"Success", "context":Received 7 update(s). cV=Vjd4abmRLfxTw63fpEywrP.0;server=akswtt00700002g;cloudType=Consumer;environment=Prod_southeastasia_prod-s01-064-apac-southeastasia;migrationStage=NotStarted}
{"logTime": "0519/084938", "correlationVector":"n5+n+kwfVk0+YMzL6eO79P","action":"Commit Request", "result":"", "context":Item count: 1
Contributing types: Sessions}
{"logTime": "0519/084938", "correlationVector":"n5+n+kwfVk0+YMzL6eO79P.1","action":"SyncServerConnectionManagerRequest", "result":"SYNC_SERVER_OK", "context":{"environment":"Prod_southeastasia_prod-s01-064-apac-southeastasia", "migrationStage":"NotStarted", "server":"akswtt00700003b"}}
{"logTime": "0519/084938", "correlationVector":"n5+n+kwfVk0+YMzL6eO79P.2","action":"Commit Response", "result":"Success", "context":Result: Success. cV=n5+n+kwfVk0+YMzL6eO79P.0;server=akswtt00700003b;cloudType=Consumer;environment=Prod_southeastasia_prod-s01-064-apac-southeastasia;migrationStage=NotStarted}
{"logTime": "0519/085042", "correlationVector":"gCG5A5ORg/5VFluR5Y3jzS","action":"Normal GetUpdate request", "result":"", "context":cV=gCG5A5ORg/5VFluR5Y3jzS
Notified types: History}
{"logTime": "0519/085042", "correlationVector":"gCG5A5ORg/5VFluR5Y3jzS.1","action":"SyncServerConnectionManagerRequest", "result":"SYNC_SERVER_OK", "context":{"environment":"Prod_southeastasia_prod-s01-064-apac-southeastasia", "migrationStage":"NotStarted", "server":"akswtt007000026"}}
{"logTime": "0519/085042", "correlationVector":"gCG5A5ORg/5VFluR5Y3jzS.2","action":"ProcessGetUpdates", "result":"Done", "context":{"dataType":"Sessions", "deleted":"0", "process_failed_to_decrypt":"0", "process_pending_decryption":"0", "process_success":"6", "total":"6"}}
{"logTime": "0519/085042", "correlationVector":"gCG5A5ORg/5VFluR5Y3jzS.3","action":"ProcessGetUpdates", "result":"Done", "context":{"dataType":"History", "deleted":"0", "process_failed_to_decrypt":"0", "process_pending_decryption":"0", "process_success":"6", "total":"6"}}
{"logTime": "0519/085042", "correlationVector":"gCG5A5ORg/5VFluR5Y3jzS.4","action":"GetUpdates Response", "result":"Success", "context":Received 12 update(s). cV=gCG5A5ORg/5VFluR5Y3jzS.0;server=akswtt007000026;cloudType=Consumer;environment=Prod_southeastasia_prod-s01-064-apac-southeastasia;migrationStage=NotStarted}
{"logTime": "0519/085449", "correlationVector":"573a5jMFai8tAhMbCN/5RO","action":"Commit Request", "result":"", "context":Item count: 1
Contributing types: Sessions}
{"logTime": "0519/085449", "correlationVector":"573a5jMFai8tAhMbCN/5RO.1","action":"SyncServerConnectionManagerRequest", "result":"SYNC_SERVER_OK", "context":{"environment":"Prod_southeastasia_prod-s01-064-apac-southeastasia", "migrationStage":"NotStarted", "server":"akswtt007000036"}}
{"logTime": "0519/085449", "correlationVector":"573a5jMFai8tAhMbCN/5RO.2","action":"Commit Response", "result":"Success", "context":Result: Success. cV=573a5jMFai8tAhMbCN/5RO.0;server=akswtt007000036;cloudType=Consumer;environment=Prod_southeastasia_prod-s01-064-apac-southeastasia;migrationStage=NotStarted}
